Archive member included because of file (symbol)

c:/program files (x86)/atmel/studio/7.0/toolchain/arm/arm-gnu-toolchain/bin/../lib/gcc/arm-none-eabi/4.9.3/armv7-m\libgcc.a(_arm_addsubdf3.o)
                              src/Platform/Driver/D_SYS/D_SYS.o (__aeabi_i2d)
c:/program files (x86)/atmel/studio/7.0/toolchain/arm/arm-gnu-toolchain/bin/../lib/gcc/arm-none-eabi/4.9.3/armv7-m\libgcc.a(_arm_fixunsdfsi.o)
                              src/Platform/Driver/D_SYS/D_SYS.o (__aeabi_d2uiz)
c:/program files (x86)/atmel/studio/7.0/toolchain/arm/arm-gnu-toolchain/bin/../lib/gcc/arm-none-eabi/4.9.3/../../../../arm-none-eabi/lib/armv7-m\libc.a(lib_a-exit.o)
                              c:/program files (x86)/atmel/studio/7.0/toolchain/arm/arm-gnu-toolchain/bin/../lib/gcc/arm-none-eabi/4.9.3/../../../../arm-none-eabi/lib/armv7-m/crt0.o (exit)
c:/program files (x86)/atmel/studio/7.0/toolchain/arm/arm-gnu-toolchain/bin/../lib/gcc/arm-none-eabi/4.9.3/../../../../arm-none-eabi/lib/armv7-m\libc.a(lib_a-impure.o)
                              c:/program files (x86)/atmel/studio/7.0/toolchain/arm/arm-gnu-toolchain/bin/../lib/gcc/arm-none-eabi/4.9.3/../../../../arm-none-eabi/lib/armv7-m\libc.a(lib_a-exit.o) (_global_impure_ptr)
c:/program files (x86)/atmel/studio/7.0/toolchain/arm/arm-gnu-toolchain/bin/../lib/gcc/arm-none-eabi/4.9.3/../../../../arm-none-eabi/lib/armv7-m\libc.a(lib_a-init.o)
                              c:/program files (x86)/atmel/studio/7.0/toolchain/arm/arm-gnu-toolchain/bin/../lib/gcc/arm-none-eabi/4.9.3/../../../../arm-none-eabi/lib/armv7-m/crt0.o (__libc_init_array)
c:/program files (x86)/atmel/studio/7.0/toolchain/arm/arm-gnu-toolchain/bin/../lib/gcc/arm-none-eabi/4.9.3/../../../../arm-none-eabi/lib/armv7-m\libc.a(lib_a-iprintf.o)
                              src/ASF/sam/drivers/adc/adc.o (iprintf)
c:/program files (x86)/atmel/studio/7.0/toolchain/arm/arm-gnu-toolchain/bin/../lib/gcc/arm-none-eabi/4.9.3/../../../../arm-none-eabi/lib/armv7-m\libc.a(lib_a-memset.o)
                              c:/program files (x86)/atmel/studio/7.0/toolchain/arm/arm-gnu-toolchain/bin/../lib/gcc/arm-none-eabi/4.9.3/../../../../arm-none-eabi/lib/armv7-m/crt0.o (memset)
c:/program files (x86)/atmel/studio/7.0/toolchain/arm/arm-gnu-toolchain/bin/../lib/gcc/arm-none-eabi/4.9.3/../../../../arm-none-eabi/lib/armv7-m\libc.a(lib_a-puts.o)
                              src/ASF/sam/drivers/adc/adc.o (puts)
c:/program files (x86)/atmel/studio/7.0/toolchain/arm/arm-gnu-toolchain/bin/../lib/gcc/arm-none-eabi/4.9.3/../../../../arm-none-eabi/lib/armv7-m\libc.a(lib_a-setbuf.o)
                              src/CPU3.o (setbuf)
c:/program files (x86)/atmel/studio/7.0/toolchain/arm/arm-gnu-toolchain/bin/../lib/gcc/arm-none-eabi/4.9.3/../../../../arm-none-eabi/lib/armv7-m\libc.a(lib_a-setvbuf.o)
                              c:/program files (x86)/atmel/studio/7.0/toolchain/arm/arm-gnu-toolchain/bin/../lib/gcc/arm-none-eabi/4.9.3/../../../../arm-none-eabi/lib/armv7-m\libc.a(lib_a-setbuf.o) (setvbuf)
c:/program files (x86)/atmel/studio/7.0/toolchain/arm/arm-gnu-toolchain/bin/../lib/gcc/arm-none-eabi/4.9.3/../../../../arm-none-eabi/lib/armv7-m\libc.a(lib_a-strlen.o)
                              c:/program files (x86)/atmel/studio/7.0/toolchain/arm/arm-gnu-toolchain/bin/../lib/gcc/arm-none-eabi/4.9.3/../../../../arm-none-eabi/lib/armv7-m\libc.a(lib_a-puts.o) (strlen)
c:/program files (x86)/atmel/studio/7.0/toolchain/arm/arm-gnu-toolchain/bin/../lib/gcc/arm-none-eabi/4.9.3/../../../../arm-none-eabi/lib/armv7-m\libc.a(lib_a-vfiprintf.o)
                              c:/program files (x86)/atmel/studio/7.0/toolchain/arm/arm-gnu-toolchain/bin/../lib/gcc/arm-none-eabi/4.9.3/../../../../arm-none-eabi/lib/armv7-m\libc.a(lib_a-iprintf.o) (_vfiprintf_r)
c:/program files (x86)/atmel/studio/7.0/toolchain/arm/arm-gnu-toolchain/bin/../lib/gcc/arm-none-eabi/4.9.3/../../../../arm-none-eabi/lib/armv7-m\libc.a(lib_a-wsetup.o)
                              c:/program files (x86)/atmel/studio/7.0/toolchain/arm/arm-gnu-toolchain/bin/../lib/gcc/arm-none-eabi/4.9.3/../../../../arm-none-eabi/lib/armv7-m\libc.a(lib_a-vfiprintf.o) (__swsetup_r)
c:/program files (x86)/atmel/studio/7.0/toolchain/arm/arm-gnu-toolchain/bin/../lib/gcc/arm-none-eabi/4.9.3/../../../../arm-none-eabi/lib/armv7-m\libc.a(lib_a-__call_atexit.o)
                              c:/program files (x86)/atmel/studio/7.0/toolchain/arm/arm-gnu-toolchain/bin/../lib/gcc/arm-none-eabi/4.9.3/../../../../arm-none-eabi/lib/armv7-m\libc.a(lib_a-exit.o) (__call_exitprocs)
c:/program files (x86)/atmel/studio/7.0/toolchain/arm/arm-gnu-toolchain/bin/../lib/gcc/arm-none-eabi/4.9.3/../../../../arm-none-eabi/lib/armv7-m\libc.a(lib_a-atexit.o)
                              c:/program files (x86)/atmel/studio/7.0/toolchain/arm/arm-gnu-toolchain/bin/../lib/gcc/arm-none-eabi/4.9.3/../../../../arm-none-eabi/lib/armv7-m\libc.a(lib_a-__call_atexit.o) (atexit)
[...]
Memory Configuration

Name             Origin             Length             Attributes
rom              0x00080000         0x00080000         xr
sram0            0x20000000         0x00010000         xrw
sram1            0x20080000         0x00008000         xrw
ram              0x20070000         0x00018000         xrw
*default*        0x00000000         0xffffffff

Linker script and memory map

LOAD c:/program files (x86)/atmel/studio/7.0/toolchain/arm/arm-gnu-toolchain/bin/../lib/gcc/arm-none-eabi/4.9.3/armv7-m/crti.o
LOAD c:/program files (x86)/atmel/studio/7.0/toolchain/arm/arm-gnu-toolchain/bin/../lib/gcc/arm-none-eabi/4.9.3/armv7-m/crtbegin.o
LOAD c:/program files (x86)/atmel/studio/7.0/toolchain/arm/arm-gnu-toolchain/bin/../lib/gcc/arm-none-eabi/4.9.3/../../../../arm-none-eabi/lib/armv7-m/crt0.o
LOAD src/Platform/Driver/ADC/D_ADC.o
LOAD src/Platform/Driver/CLOCK/D_CLOCK.o
LOAD src/Platform/Driver/DD_CAN/D_CAN.o
LOAD src/Platform/Driver/D_SYS/D_SYS.o
LOAD src/Platform/Driver/GPIO/D_GPIO.o
LOAD src/Platform/Driver/HANDLER/D_HANDLER.o
LOAD src/Platform/Driver/IIC/D_IIC.o
LOAD src/Platform/Driver/INT/D_INT.o
LOAD src/Platform/Driver/PWM/D_PWM.o
LOAD src/Platform/Driver/TIMER/D_TIMER.o
LOAD src/Platform/Service/CNTRL/S_CNTRL.o
LOAD src/Platform/Service/console/console_callback.o
LOAD src/Platform/Service/STATUS/S_STUS.o
LOAD src/Platform/Service/SYS/S_SYS.o
LOAD src/Platform/Service/TIMER/S_TIMER.o
LOAD src/ASF/common/services/serial/usart_serial.o
LOAD src/ASF/common/utils/stdio/read.o
LOAD src/ASF/common/utils/stdio/write.o
LOAD src/ASF/sam/drivers/adc/adc.o
LOAD src/ASF/sam/drivers/adc/adc_sam3u.o
LOAD src/ASF/sam/drivers/pwm/pwm.o
LOAD src/ASF/sam/drivers/tc/tc.o
LOAD src/ASF/sam/drivers/twi/twi.o
LOAD src/ASF/sam/drivers/uart/uart.o
LOAD src/ASF/sam/drivers/usart/usart.o
LOAD src/CPU3.o
LOAD src/ASF/common/services/clock/sam3x/sysclk.o
LOAD src/ASF/common/utils/interrupt/interrupt_sam_nvic.o
LOAD src/ASF/sam/boards/arduino_due_x/init.o
LOAD src/ASF/sam/drivers/pio/pio.o
LOAD src/ASF/sam/drivers/pio/pio_handler.o
LOAD src/ASF/sam/drivers/pmc/pmc.o
LOAD src/ASF/sam/drivers/pmc/sleep.o
LOAD src/ASF/sam/utils/cmsis/sam3x/source/templates/exceptions.o
LOAD src/ASF/sam/utils/cmsis/sam3x/source/templates/gcc/startup_sam3x.o
LOAD src/ASF/sam/utils/cmsis/sam3x/source/templates/system_sam3x.o
LOAD src/ASF/sam/utils/syscalls/gcc/syscalls.o
START GROUP
LOAD ../src/ASF/thirdparty/CMSIS/Lib/GCC\libarm_cortexM3l_math.a
LOAD c:/program files (x86)/atmel/studio/7.0/toolchain/arm/arm-gnu-toolchain/bin/../lib/gcc/arm-none-eabi/4.9.3/../../../../arm-none-eabi/lib/armv7-m\libm.a
END GROUP
START GROUP
LOAD c:/program files (x86)/atmel/studio/7.0/toolchain/arm/arm-gnu-toolchain/bin/../lib/gcc/arm-none-eabi/4.9.3/armv7-m\libgcc.a
LOAD c:/program files (x86)/atmel/studio/7.0/toolchain/arm/arm-gnu-toolchain/bin/../lib/gcc/arm-none-eabi/4.9.3/../../../../arm-none-eabi/lib/armv7-m\libc.a
END GROUP
LOAD c:/program files (x86)/atmel/studio/7.0/toolchain/arm/arm-gnu-toolchain/bin/../lib/gcc/arm-none-eabi/4.9.3/armv7-m/crtend.o
LOAD c:/program files (x86)/atmel/studio/7.0/toolchain/arm/arm-gnu-toolchain/bin/../lib/gcc/arm-none-eabi/4.9.3/armv7-m/crtn.o
                0x00002000                __stack_size__ = DEFINED (__stack_size__)?__stack_size__:0x2000

.text           0x00080000     0x6e34
                0x00080000                . = ALIGN (0x4)
                0x00080000                _sfixed = .
 *(.vectors .vectors.*)
 .vectors       0x00080000       0xf4 src/ASF/sam/utils/cmsis/sam3x/source/templates/gcc/startup_sam3x.o
                0x00080000                exception_table
 *(.text .text.* .gnu.linkonce.t.*)
 .text          0x000800f4       0x5c c:/program files (x86)/atmel/studio/7.0/toolchain/arm/arm-gnu-toolchain/bin/../lib/gcc/arm-none-eabi/4.9.3/armv7-m/crtbegin.o
 .text.CPU3_D_INIT_CLOCK
                0x00080150       0x34 src/Platform/Driver/CLOCK/D_CLOCK.o
                0x00080150                CPU3_D_INIT_CLOCK
 .text.NVIC_EnableIRQ
                0x00080184       0x30 src/Platform/Driver/DD_CAN/D_CAN.o
 .text.CAN0_Handler
                0x000801b4       0x60 src/Platform/Driver/DD_CAN/D_CAN.o
                0x000801b4                CAN0_Handler
 .text.dd_can_extract_mailbox_data
                0x00080214      0x2b0 src/Platform/Driver/DD_CAN/D_CAN.o
 .text.dd_can_mailbox_read
                0x000804c4       0xd0 src/Platform/Driver/DD_CAN/D_CAN.o
 .text.dd_can_mailbox_write
                0x00080594       0xbc src/Platform/Driver/DD_CAN/D_CAN.o
                0x00080594                dd_can_mailbox_write
 .text.dd_can_global_send_transfer_cmd
                0x00080650       0x2c src/Platform/Driver/DD_CAN/D_CAN.o
                0x00080650                dd_can_global_send_transfer_cmd
 .text.dd_can_mailbox_conf
                0x0008067c       0xec src/Platform/Driver/DD_CAN/D_CAN.o
                0x0008067c                dd_can_mailbox_conf
 .text.DD_INIT_CAN
                0x00080768      0x154 src/Platform/Driver/DD_CAN/D_CAN.o
                0x00080768                DD_INIT_CAN
 .text.CPU3_D_SET_PUMP
                0x000808bc       0x74 src/Platform/Driver/D_SYS/D_SYS.o
                0x000808bc                CPU3_D_SET_PUMP
 .text.CPU3_D_CONFIG_TIMER
                0x00080930       0xb4 src/Platform/Driver/D_SYS/D_SYS.o
                0x00080930                CPU3_D_CONFIG_TIMER
 .text.CPU3_D_STOP_TIMER
                0x000809e4       0x78 src/Platform/Driver/D_SYS/D_SYS.o
                0x000809e4                CPU3_D_STOP_TIMER
 .text.CPU3_D_INIT_PIO
                0x00080a5c      0x138 src/Platform/Driver/GPIO/D_GPIO.o
                0x00080a5c                CPU3_D_INIT_PIO
 .text.NVIC_ClearPendingIRQ
                0x00080b94       0x34 src/Platform/Driver/HANDLER/D_HANDLER.o
 .text.TC0_Handler
                0x00080bc8      0x170 src/Platform/Driver/HANDLER/D_HANDLER.o
                0x00080bc8                TC0_Handler
 .text.TC1_Handler
                0x00080d38       0xe8 src/Platform/Driver/HANDLER/D_HANDLER.o
                0x00080d38                TC1_Handler
 .text.TC2_Handler
                0x00080e20       0x2c src/Platform/Driver/HANDLER/D_HANDLER.o
                0x00080e20                TC2_Handler
 .text.TC3_Handler
                0x00080e4c       0x2c src/Platform/Driver/HANDLER/D_HANDLER.o
                0x00080e4c                TC3_Handler
 .text.TC7_Handler
                0x00080e78       0x2c src/Platform/Driver/HANDLER/D_HANDLER.o
                0x00080e78                TC7_Handler
 .text.TC6_Handler
                0x00080ea4       0xd0 src/Platform/Driver/HANDLER/D_HANDLER.o
                0x00080ea4                TC6_Handler
 .text.NVIC_EnableIRQ
                0x00080f74       0x30 src/Platform/Driver/INT/D_INT.o
 .text.NVIC_DisableIRQ
                0x00080fa4       0x34 src/Platform/Driver/INT/D_INT.o
 .text.NVIC_ClearPendingIRQ
                0x00080fd8       0x34 src/Platform/Driver/INT/D_INT.o
 .text.NVIC_SetPriority
                0x0008100c       0x54 src/Platform/Driver/INT/D_INT.o
 .text.CPU3_D_INIT_INT
                0x00081060       0xe4 src/Platform/Driver/INT/D_INT.o
                0x00081060                CPU3_D_INIT_INT
 .text.CPU3_D_INIT_PWM
                0x00081144       0x64 src/Platform/Driver/PWM/D_PWM.o
                0x00081144                CPU3_D_INIT_PWM
 .text.CPU3_D_INIT_TIMER
                0x000811a8       0xa0 src/Platform/Driver/TIMER/D_TIMER.o
                0x000811a8                CPU3_D_INIT_TIMER
 .text.CPU3_D_MAIN_TIMER
                0x00081248       0x5c src/Platform/Driver/TIMER/D_TIMER.o
                0x00081248                CPU3_D_MAIN_TIMER
 .text.acid_startTimer1
                0x000812a4       0x70 src/Platform/Driver/TIMER/D_TIMER.o
                0x000812a4                acid_startTimer1
 .text.bicar_startTimer1
                0x00081314       0x70 src/Platform/Driver/TIMER/D_TIMER.o
                0x00081314                bicar_startTimer1
 .text.startTimer1
                0x00081384       0x70 src/Platform/Driver/TIMER/D_TIMER.o
                0x00081384                startTimer1
 .text.startTimer2
                0x000813f4       0x70 src/Platform/Driver/TIMER/D_TIMER.o
                0x000813f4                startTimer2
 .text.cpu3_sv_cntrl_activatepump
                0x00081464       0x20 src/Platform/Service/CNTRL/S_CNTRL.o
                0x00081464                cpu3_sv_cntrl_activatepump
 .text.SV_put_sensor_data
                0x00081484       0x40 src/Platform/Service/STATUS/S_STUS.o
                0x00081484                SV_put_sensor_data
 .text.SV_SEND_CAN_MAILBOX
                0x000814c4       0x88 src/Platform/Service/STATUS/S_STUS.o
                0x000814c4                SV_SEND_CAN_MAILBOX
 .text.CPU3_S_SYSTEM_INIT
                0x0008154c       0x44 src/Platform/Service/SYS/S_SYS.o
                0x0008154c                CPU3_S_SYSTEM_INIT
 .text.CPU3_S_START_TIMER
                0x00081590       0x28 src/Platform/Service/TIMER/S_TIMER.o
                0x00081590                CPU3_S_START_TIMER
 .text.CPU3_S_STOP_TIMER
                0x000815b8       0x20 src/Platform/Service/TIMER/S_TIMER.o
                0x000815b8                CPU3_S_STOP_TIMER
 .text._read    0x000815d8       0x58 src/ASF/common/utils/stdio/read.o
                0x000815d8                _read
 .text._write   0x00081630       0x70 src/ASF/common/utils/stdio/write.o
                0x00081630                _write
 .text.tc_init  0x000816a0       0x38 src/ASF/sam/drivers/tc/tc.o
                0x000816a0                tc_init
 .text.tc_start
                0x000816d8       0x20 src/ASF/sam/drivers/tc/tc.o
                0x000816d8                tc_start
 .text.tc_stop  0x000816f8       0x20 src/ASF/sam/drivers/tc/tc.o
                0x000816f8                tc_stop
 .text.tc_write_rc
                0x00081718       0x24 src/ASF/sam/drivers/tc/tc.o
                0x00081718                tc_write_rc
 .text.tc_enable_interrupt
                0x0008173c       0x28 src/ASF/sam/drivers/tc/tc.o
                0x0008173c                tc_enable_interrupt
 .text.tc_get_status
                0x00081764       0x24 src/ASF/sam/drivers/tc/tc.o
                0x00081764                tc_get_status
 .text.uart_init
                0x00081788       0x64 src/ASF/sam/drivers/uart/uart.o
                0x00081788                uart_init
 .text.uart_enable_tx
                0x000817ec       0x18 src/ASF/sam/drivers/uart/uart.o
                0x000817ec                uart_enable_tx
 .text.uart_enable_rx
                0x00081804       0x18 src/ASF/sam/drivers/uart/uart.o
                0x00081804                uart_enable_rx
 .text.uart_enable
                0x0008181c       0x18 src/ASF/sam/drivers/uart/uart.o
                0x0008181c                uart_enable
 .text.uart_enable_interrupt
                0x00081834       0x1c src/ASF/sam/drivers/uart/uart.o
                0x00081834                uart_enable_interrupt
 .text.uart_write
                0x00081850       0x30 src/ASF/sam/drivers/uart/uart.o
                0x00081850                uart_write
 .text.uart_read
                0x00081880       0x34 src/ASF/sam/drivers/uart/uart.o
                0x00081880                uart_read
 .text.usart_set_async_baudrate
                0x000818b4       0x8c src/ASF/sam/drivers/usart/usart.o
 .text.usart_reset
                0x00081940       0x54 src/ASF/sam/drivers/usart/usart.o
                0x00081940                usart_reset
 .text.usart_init_rs232
                0x00081994       0x84 src/ASF/sam/drivers/usart/usart.o
                0x00081994                usart_init_rs232
 .text.usart_enable_tx
                0x00081a18       0x18 src/ASF/sam/drivers/usart/usart.o
                0x00081a18                usart_enable_tx
 .text.usart_reset_tx
                0x00081a30       0x18 src/ASF/sam/drivers/usart/usart.o
                0x00081a30                usart_reset_tx
 .text.usart_enable_rx
                0x00081a48       0x18 src/ASF/sam/drivers/usart/usart.o
                0x00081a48                usart_enable_rx
 .text.usart_reset_rx
                0x00081a60       0x18 src/ASF/sam/drivers/usart/usart.o
                0x00081a60                usart_reset_rx
 .text.usart_reset_status
                0x00081a78       0x1c src/ASF/sam/drivers/usart/usart.o
                0x00081a78                usart_reset_status
 .text.usart_drive_RTS_pin_high
                0x00081a94       0x1c src/ASF/sam/drivers/usart/usart.o
                0x00081a94                usart_drive_RTS_pin_high
 .text.usart_write
                0x00081ab0       0x34 src/ASF/sam/drivers/usart/usart.o
                0x00081ab0                usart_write
 .text.usart_read
                0x00081ae4       0x34 src/ASF/sam/drivers/usart/usart.o
                0x00081ae4                usart_read
 .text.usart_disable_writeprotect
                0x00081b18       0x20 src/ASF/sam/drivers/usart/usart.o
                0x00081b18                usart_disable_writeprotect
 .text.NVIC_EnableIRQ
                0x00081b38       0x30 src/CPU3.o
 .text.NVIC_DisableIRQ
                0x00081b68       0x34 src/CPU3.o
 .text.NVIC_ClearPendingIRQ
                0x00081b9c       0x34 src/CPU3.o
 .text.NVIC_SetPriority
                0x00081bd0       0x54 src/CPU3.o
 .text.osc_get_rate
                0x00081c24       0x74 src/CPU3.o
 .text.sysclk_get_main_hz
                0x00081c98       0x1c src/CPU3.o
 .text.sysclk_get_peripheral_hz
                0x00081cb4       0x14 src/CPU3.o
 .text.sysclk_enable_peripheral_clock
                0x00081cc8       0x18 src/CPU3.o
 .text.usart_serial_init
                0x00081ce0      0x138 src/CPU3.o
 .text.usart_serial_putchar
                0x00081e18       0xc8 src/CPU3.o
 .text.usart_serial_getchar
                0x00081ee0       0xd8 src/CPU3.o
 .text.stdio_serial_init
                0x00081fb8       0x68 src/CPU3.o
 .text.UART_Handler
                0x00082020       0xd0 src/CPU3.o
                0x00082020                UART_Handler
 .text.main     0x000820f0      0x6d0 src/CPU3.o
                0x000820f0                main
 .text.start_acidpump
                0x000827c0       0xac src/CPU3.o
                0x000827c0                start_acidpump
 .text.start_pump
                0x0008286c      0x114 src/CPU3.o
                0x0008286c                start_pump
 .text.start_bicarpump
                0x00082980       0x9c src/CPU3.o
                0x00082980                start_bicarpump
 .text.stop_pump
                0x00082a1c       0x24 src/CPU3.o
                0x00082a1c                stop_pump
 .text.osc_enable
                0x00082a40       0x84 src/ASF/common/services/clock/sam3x/sysclk.o
 .text.osc_is_ready
                0x00082ac4       0x70 src/ASF/common/services/clock/sam3x/sysclk.o
 .text.osc_get_rate
                0x00082b34       0x74 src/ASF/common/services/clock/sam3x/sysclk.o
 .text.osc_wait_ready
                0x00082ba8       0x2c src/ASF/common/services/clock/sam3x/sysclk.o
 .text.pll_config_init
                0x00082bd4       0x68 src/ASF/common/services/clock/sam3x/sysclk.o
 .text.pll_enable
                0x00082c3c       0x3c src/ASF/common/services/clock/sam3x/sysclk.o
 .text.pll_is_locked
                0x00082c78       0x2c src/ASF/common/services/clock/sam3x/sysclk.o
 .text.pll_enable_source
                0x00082ca4       0x34 src/ASF/common/services/clock/sam3x/sysclk.o
 .text.pll_wait_for_lock
                0x00082cd8       0x24 src/ASF/common/services/clock/sam3x/sysclk.o
 .text.sysclk_get_main_hz
                0x00082cfc       0x1c src/ASF/common/services/clock/sam3x/sysclk.o
 .text.sysclk_get_cpu_hz
                0x00082d18       0x14 src/ASF/common/services/clock/sam3x/sysclk.o
 .text.sysclk_init
                0x00082d2c       0x68 src/ASF/common/services/clock/sam3x/sysclk.o
                0x00082d2c                sysclk_init
 .text.sysclk_enable_peripheral_clock
                0x00082d94       0x18 src/ASF/sam/boards/arduino_due_x/init.o
 .text.ioport_init
                0x00082dac       0x24 src/ASF/sam/boards/arduino_due_x/init.o
 .text.board_init
                0x00082dd0       0x80 src/ASF/sam/boards/arduino_due_x/init.o
                0x00082dd0                board_init
 .text.pio_pull_up
                0x00082e50       0x2c src/ASF/sam/drivers/pio/pio.o
                0x00082e50                pio_pull_up
 .text.pio_set_peripheral
                0x00082e7c       0x80 src/ASF/sam/drivers/pio/pio.o
                0x00082e7c                pio_set_peripheral
 .text.pio_set_input
                0x00082efc       0x7c src/ASF/sam/drivers/pio/pio.o
                0x00082efc                pio_set_input
 .text.pio_set_output
                0x00082f78       0x64 src/ASF/sam/drivers/pio/pio.o
                0x00082f78                pio_set_output
 .text.pio_disable_interrupt
                0x00082fdc       0x1c src/ASF/sam/drivers/pio/pio.o
                0x00082fdc                pio_disable_interrupt
 .text.pio_get_interrupt_status
                0x00082ff8       0x18 src/ASF/sam/drivers/pio/pio.o
                0x00082ff8                pio_get_interrupt_status
 .text.pio_get_interrupt_mask
                0x00083010       0x18 src/ASF/sam/drivers/pio/pio.o
                0x00083010                pio_get_interrupt_mask
 .text.pio_configure_pin
                0x00083028      0x140 src/ASF/sam/drivers/pio/pio.o
                0x00083028                pio_configure_pin
 .text.pio_configure_pin_group
                0x00083168       0xe4 src/ASF/sam/drivers/pio/pio.o
                0x00083168                pio_configure_pin_group
 .text.pio_handler_process
                0x0008324c       0xa4 src/ASF/sam/drivers/pio/pio_handler.o
                0x0008324c                pio_handler_process
 .text.PIOA_Handler
                0x000832f0       0x18 src/ASF/sam/drivers/pio/pio_handler.o
                0x000832f0                PIOA_Handler
 .text.PIOB_Handler
                0x00083308       0x18 src/ASF/sam/drivers/pio/pio_handler.o
                0x00083308                PIOB_Handler
 .text.PIOC_Handler
                0x00083320       0x18 src/ASF/sam/drivers/pio/pio_handler.o
                0x00083320                PIOC_Handler
 .text.PIOD_Handler
                0x00083338       0x18 src/ASF/sam/drivers/pio/pio_handler.o
                0x00083338                PIOD_Handler
 .text.pmc_switch_mck_to_pllack
                0x00083350       0x84 src/ASF/sam/drivers/pmc/pmc.o
                0x00083350                pmc_switch_mck_to_pllack
 .text.pmc_switch_sclk_to_32kxtal
                0x000833d4       0x38 src/ASF/sam/drivers/pmc/pmc.o
                0x000833d4                pmc_switch_sclk_to_32kxtal
 .text.pmc_osc_is_ready_32kxtal
                0x0008340c       0x34 src/ASF/sam/drivers/pmc/pmc.o
                0x0008340c                pmc_osc_is_ready_32kxtal
 .text.pmc_switch_mainck_to_fastrc
                0x00083440       0xa0 src/ASF/sam/drivers/pmc/pmc.o
                0x00083440                pmc_switch_mainck_to_fastrc
 .text.pmc_switch_mainck_to_xtal
                0x000834e0       0x78 src/ASF/sam/drivers/pmc/pmc.o
                0x000834e0                pmc_switch_mainck_to_xtal
 .text.pmc_osc_is_ready_mainck
                0x00083558       0x1c src/ASF/sam/drivers/pmc/pmc.o
                0x00083558                pmc_osc_is_ready_mainck
 .text.pmc_disable_pllack
                0x00083574       0x18 src/ASF/sam/drivers/pmc/pmc.o
                0x00083574                pmc_disable_pllack
 .text.pmc_is_locked_pllack
                0x0008358c       0x1c src/ASF/sam/drivers/pmc/pmc.o
                0x0008358c                pmc_is_locked_pllack
 .text.pmc_is_locked_upll
                0x000835a8       0x1c src/ASF/sam/drivers/pmc/pmc.o
                0x000835a8                pmc_is_locked_upll
 .text.pmc_enable_periph_clk
                0x000835c4       0x84 src/ASF/sam/drivers/pmc/pmc.o
                0x000835c4                pmc_enable_periph_clk
 .text.pmc_set_writeprotect
                0x00083648       0x38 src/ASF/sam/drivers/pmc/pmc.o
                0x00083648                pmc_set_writeprotect
 .text.Dummy_Handler
                0x00083680        0x8 src/ASF/sam/utils/cmsis/sam3x/source/templates/exceptions.o
                0x00083680                DACC_Handler
                0x00083680                DebugMon_Handler
                0x00083680                DMAC_Handler
                0x00083680                TRNG_Handler
                0x00083680                HardFault_Handler
                0x00083680                SysTick_Handler
                0x00083680                USART3_Handler
                0x00083680                TWI1_Handler
                0x00083680                PendSV_Handler
                0x00083680                NMI_Handler
                0x00083680                ADC_Handler
                0x00083680                SMC_Handler
                0x00083680                USART0_Handler
                0x00083680                RTT_Handler
                0x00083680                EFC1_Handler
                0x00083680                RTC_Handler
                0x00083680                UsageFault_Handler
                0x00083680                WDT_Handler
                0x00083680                TC4_Handler
                0x00083680                HSMCI_Handler
                0x00083680                Dummy_Handler
                0x00083680                TWI0_Handler
                0x00083680                USART1_Handler
                0x00083680                SSC_Handler
                0x00083680                EFC0_Handler
                0x00083680                PMC_Handler
                0x00083680                PWM_Handler
                0x00083680                CAN1_Handler
                0x00083680                MemManage_Handler
                0x00083680                SUPC_Handler
                0x00083680                SVC_Handler
                0x00083680                TC8_Handler
                0x00083680                USART2_Handler
                0x00083680                EMAC_Handler
                0x00083680                BusFault_Handler
                0x00083680                RSTC_Handler
                0x00083680                TC5_Handler
                0x00083680                UOTGHS_Handler
                0x00083680                SPI0_Handler
 .text.Reset_Handler
                0x00083688       0xa8 src/ASF/sam/utils/cmsis/sam3x/source/templates/gcc/startup_sam3x.o
                0x00083688                Reset_Handler
 .text.SystemCoreClockUpdate
                0x00083730      0x180 src/ASF/sam/utils/cmsis/sam3x/source/templates/system_sam3x.o
                0x00083730                SystemCoreClockUpdate
 .text.system_init_flash
                0x000838b0       0xbc src/ASF/sam/utils/cmsis/sam3x/source/templates/system_sam3x.o
                0x000838b0                system_init_flash
 .text._sbrk    0x0008396c       0x40 src/ASF/sam/utils/syscalls/gcc/syscalls.o
                0x0008396c                _sbrk
 .text._close   0x000839ac       0x18 src/ASF/sam/utils/syscalls/gcc/syscalls.o
                0x000839ac                _close
 .text._fstat   0x000839c4       0x20 src/ASF/sam/utils/syscalls/gcc/syscalls.o
                0x000839c4                _fstat
 .text._isatty  0x000839e4       0x18 src/ASF/sam/utils/syscalls/gcc/syscalls.o
                0x000839e4                _isatty
 .text._lseek   0x000839fc       0x1c src/ASF/sam/utils/syscalls/gcc/syscalls.o
                0x000839fc                _lseek
 .text          0x00083a18      0x370 c:/program files (x86)/atmel/studio/7.0/toolchain/arm/arm-gnu-toolchain/bin/../lib/gcc/arm-none-eabi/4.9.3/armv7-m\libgcc.a(_arm_addsubdf3.o)
                0x00083a18                __aeabi_drsub
                0x00083a20                __aeabi_dsub
                0x00083a20                __subdf3
                0x00083a24                __aeabi_dadd
                0x00083a24                __adddf3
                0x00083c9c                __floatunsidf
                0x00083c9c                __aeabi_ui2d
                0x00083cbc                __floatsidf
                0x00083cbc                __aeabi_i2d
                0x00083ce0                __aeabi_f2d
                0x00083ce0                __extendsfdf2
                0x00083d1c                __floatundidf
                0x00083d1c                __aeabi_ul2d
                0x00083d2c                __floatdidf
                0x00083d2c                __aeabi_l2d
 .text          0x00083d88       0x40 c:/program files (x86)/atmel/studio/7.0/toolchain/arm/arm-gnu-toolchain/bin/../lib/gcc/arm-none-eabi/4.9.3/armv7-m\libgcc.a(_arm_fixunsdfsi.o)
                0x00083d88                __aeabi_d2uiz
                0x00083d88                __fixunsdfsi
 .text.__libc_init_array
                0x00083dc8       0x50 c:/program files (x86)/atmel/studio/7.0/toolchain/arm/arm-gnu-toolchain/bin/../lib/gcc/arm-none-eabi/4.9.3/../../../../arm-none-eabi/lib/armv7-m\libc.a(lib_a-init.o)
                0x00083dc8                __libc_init_array
 .text.iprintf  0x00083e18       0x28 c:/program files (x86)/atmel/studio/7.0/toolchain/arm/arm-gnu-toolchain/bin/../lib/gcc/arm-none-eabi/4.9.3/../../../../arm-none-eabi/lib/armv7-m\libc.a(lib_a-iprintf.o)
                0x00083e18                iprintf
 .text.memset   0x00083e40       0x9c c:/program files (x86)/atmel/studio/7.0/toolchain/arm/arm-gnu-toolchain/bin/../lib/gcc/arm-none-eabi/4.9.3/../../../../arm-none-eabi/lib/armv7-m\libc.a(lib_a-memset.o)
                0x00083e40                memset
 .text.setbuf   0x00083edc       0x10 c:/program files (x86)/atmel/studio/7.0/toolchain/arm/arm-gnu-toolchain/bin/../lib/gcc/arm-none-eabi/4.9.3/../../../../arm-none-eabi/lib/armv7-m\libc.a(lib_a-setbuf.o)
                0x00083edc                setbuf
 .text.setvbuf  0x00083eec       0xf8 c:/program files (x86)/atmel/studio/7.0/toolchain/arm/arm-gnu-toolchain/bin/../lib/gcc/arm-none-eabi/4.9.3/../../../../arm-none-eabi/lib/armv7-m\libc.a(lib_a-setvbuf.o)
                0x00083eec                setvbuf
 .text.strlen   0x00083fe4       0x5c c:/program files (x86)/atmel/studio/7.0/toolchain/arm/arm-gnu-toolchain/bin/../lib/gcc/arm-none-eabi/4.9.3/../../../../arm-none-eabi/lib/armv7-m\libc.a(lib_a-strlen.o)
                0x00083fe4                strlen
 .text.__sprint_r.part.0
                0x00084040       0x78 c:/program files (x86)/atmel/studio/7.0/toolchain/arm/arm-gnu-toolchain/bin/../lib/gcc/arm-none-eabi/4.9.3/../../../../arm-none-eabi/lib/armv7-m\libc.a(lib_a-vfiprintf.o)
 .text._vfiprintf_r
                0x000840b8      0xc10 c:/program files (x86)/atmel/studio/7.0/toolchain/arm/arm-gnu-toolchain/bin/../lib/gcc/arm-none-eabi/4.9.3/../../../../arm-none-eabi/lib/armv7-m\libc.a(lib_a-vfiprintf.o)
                0x000840b8                _vfiprintf_r
 .text.__sbprintf
                0x00084cc8       0x7c c:/program files (x86)/atmel/studio/7.0/toolchain/arm/arm-gnu-toolchain/bin/../lib/gcc/arm-none-eabi/4.9.3/../../../../arm-none-eabi/lib/armv7-m\libc.a(lib_a-vfiprintf.o)
 .text.__swsetup_r
                0x00084d44       0xc4 c:/program files (x86)/atmel/studio/7.0/toolchain/arm/arm-gnu-toolchain/bin/../lib/gcc/arm-none-eabi/4.9.3/../../../../arm-none-eabi/lib/armv7-m\libc.a(lib_a-wsetup.o)
                0x00084d44                __swsetup_r
 .text.startup.register_fini
                0x00084e08       0x14 c:/program files (x86)/atmel/studio/7.0/toolchain/arm/arm-gnu-toolchain/bin/../lib/gcc/arm-none-eabi/4.9.3/../../../../arm-none-eabi/lib/armv7-m\libc.a(lib_a-__call_atexit.o)
 .text.atexit   0x00084e1c        0xc c:/program files (x86)/atmel/studio/7.0/toolchain/arm/arm-gnu-toolchain/bin/../lib/gcc/arm-none-eabi/4.9.3/../../../../arm-none-eabi/lib/armv7-m\libc.a(lib_a-atexit.o)
                0x00084e1c                atexit
 .text.__sflush_r
                0x00084e28      0x148 c:/program files (x86)/atmel/studio/7.0/toolchain/arm/arm-gnu-toolchain/bin/../lib/gcc/arm-none-eabi/4.9.3/../../../../arm-none-eabi/lib/armv7-m\libc.a(lib_a-fflush.o)
                0x00084e28                __sflush_r
 .text._fflush_r
                0x00084f70       0x2c c:/program files (x86)/atmel/studio/7.0/toolchain/arm/arm-gnu-toolchain/bin/../lib/gcc/arm-none-eabi/4.9.3/../../../../arm-none-eabi/lib/armv7-m\libc.a(lib_a-fflush.o)
                0x00084f70                _fflush_r
 .text._cleanup_r
                0x00084f9c        0xc c:/program files (x86)/atmel/studio/7.0/toolchain/arm/arm-gnu-toolchain/bin/../lib/gcc/arm-none-eabi/4.9.3/../../../../arm-none-eabi/lib/armv7-m\libc.a(lib_a-findfp.o)
                0x00084f9c                _cleanup_r
 .text.__sinit.part.1
                0x00084fa8       0xf0 c:/program files (x86)/atmel/studio/7.0/toolchain/arm/arm-gnu-toolchain/bin/../lib/gcc/arm-none-eabi/4.9.3/../../../../arm-none-eabi/lib/armv7-m\libc.a(lib_a-findfp.o)
 .text.__sinit  0x00085098        0xc c:/program files (x86)/atmel/studio/7.0/toolchain/arm/arm-gnu-toolchain/bin/../lib/gcc/arm-none-eabi/4.9.3/../../../../arm-none-eabi/lib/armv7-m\libc.a(lib_a-findfp.o)
                0x00085098                __sinit
 .text.__sfp_lock_acquire
                0x000850a4        0x4 c:/program files (x86)/atmel/studio/7.0/toolchain/arm/arm-gnu-toolchain/bin/../lib/gcc/arm-none-eabi/4.9.3/../../../../arm-none-eabi/lib/armv7-m\libc.a(lib_a-findfp.o)
                0x000850a4                __sfp_lock_acquire
 .text.__sfp_lock_release
                0x000850a8        0x4 c:/program files (x86)/atmel/studio/7.0/toolchain/arm/arm-gnu-toolchain/bin/../lib/gcc/arm-none-eabi/4.9.3/../../../../arm-none-eabi/lib/armv7-m\libc.a(lib_a-findfp.o)
                0x000850a8                __sfp_lock_release
 .text.__libc_fini_array
                0x000850ac       0x2c c:/program files (x86)/atmel/studio/7.0/toolchain/arm/arm-gnu-toolchain/bin/../lib/gcc/arm-none-eabi/4.9.3/../../../../arm-none-eabi/lib/armv7-m\libc.a(lib_a-fini.o)
                0x000850ac                __libc_fini_array
 .text.__fputwc
                0x000850d8       0xb0 c:/program files (x86)/atmel/studio/7.0/toolchain/arm/arm-gnu-toolchain/bin/../lib/gcc/arm-none-eabi/4.9.3/../../../../arm-none-eabi/lib/armv7-m\libc.a(lib_a-fputwc.o)
                0x000850d8                __fputwc
 .text._fputwc_r
                0x00085188       0x24 c:/program files (x86)/atmel/studio/7.0/toolchain/arm/arm-gnu-toolchain/bin/../lib/gcc/arm-none-eabi/4.9.3/../../../../arm-none-eabi/lib/armv7-m\libc.a(lib_a-fputwc.o)
                0x00085188                _fputwc_r
 .text._malloc_trim_r
                0x000851ac       0x9c c:/program files (x86)/atmel/studio/7.0/toolchain/arm/arm-gnu-toolchain/bin/../lib/gcc/arm-none-eabi/4.9.3/../../../../arm-none-eabi/lib/armv7-m\libc.a(lib_a-freer.o)
                0x000851ac                _malloc_trim_r
 .text._free_r  0x00085248      0x1b0 c:/program files (x86)/atmel/studio/7.0/toolchain/arm/arm-gnu-toolchain/bin/../lib/gcc/arm-none-eabi/4.9.3/../../../../arm-none-eabi/lib/armv7-m\libc.a(lib_a-freer.o)
                0x00085248                _free_r
 .text.__sfvwrite_r
                0x000853f8      0x320 c:/program files (x86)/atmel/studio/7.0/toolchain/arm/arm-gnu-toolchain/bin/../lib/gcc/arm-none-eabi/4.9.3/../../../../arm-none-eabi/lib/armv7-m\libc.a(lib_a-fvwrite.o)
                0x000853f8                __sfvwrite_r
 .text._fwalk_reent
                0x00085718       0x50 c:/program files (x86)/atmel/studio/7.0/toolchain/arm/arm-gnu-toolchain/bin/../lib/gcc/arm-none-eabi/4.9.3/../../../../arm-none-eabi/lib/armv7-m\libc.a(lib_a-fwalk.o)
                0x00085718                _fwalk_reent
 .text.__locale_charset
                0x00085768        0x8 c:/program files (x86)/atmel/studio/7.0/toolchain/arm/arm-gnu-toolchain/bin/../lib/gcc/arm-none-eabi/4.9.3/../../../../arm-none-eabi/lib/armv7-m\libc.a(lib_a-locale.o)
                0x00085768                __locale_charset
 .text.__locale_mb_cur_max
                0x00085770        0xc c:/program files (x86)/atmel/studio/7.0/toolchain/arm/arm-gnu-toolchain/bin/../lib/gcc/arm-none-eabi/4.9.3/../../../../arm-none-eabi/lib/armv7-m\libc.a(lib_a-locale.o)
                0x00085770                __locale_mb_cur_max
 .text.__smakebuf_r
                0x0008577c       0xe0 c:/program files (x86)/atmel/studio/7.0/toolchain/arm/arm-gnu-toolchain/bin/../lib/gcc/arm-none-eabi/4.9.3/../../../../arm-none-eabi/lib/armv7-m\libc.a(lib_a-makebuf.o)
                0x0008577c                __smakebuf_r
 .text.malloc   0x0008585c       0x10 c:/program files (x86)/atmel/studio/7.0/toolchain/arm/arm-gnu-toolchain/bin/../lib/gcc/arm-none-eabi/4.9.3/../../../../arm-none-eabi/lib/armv7-m\libc.a(lib_a-malloc.o)
                0x0008585c                malloc
 .text._malloc_r
                0x0008586c      0x50c c:/program files (x86)/atmel/studio/7.0/toolchain/arm/arm-gnu-toolchain/bin/../lib/gcc/arm-none-eabi/4.9.3/../../../../arm-none-eabi/lib/armv7-m\libc.a(lib_a-mallocr.o)
                0x0008586c                _malloc_r
 .text.memchr   0x00085d78       0x94 c:/program files (x86)/atmel/studio/7.0/toolchain/arm/arm-gnu-toolchain/bin/../lib/gcc/arm-none-eabi/4.9.3/../../../../arm-none-eabi/lib/armv7-m\libc.a(lib_a-memchr.o)
                0x00085d78                memchr
 .text          0x00085e0c       0xec c:/program files (x86)/atmel/studio/7.0/toolchain/arm/arm-gnu-toolchain/bin/../lib/gcc/arm-none-eabi/4.9.3/../../../../arm-none-eabi/lib/armv7-m\libc.a(lib_a-memcpy.o)
                0x00085e0c                memcpy
 .text.memmove  0x00085ef8       0xc8 c:/program files (x86)/atmel/studio/7.0/toolchain/arm/arm-gnu-toolchain/bin/../lib/gcc/arm-none-eabi/4.9.3/../../../../arm-none-eabi/lib/armv7-m\libc.a(lib_a-memmove.o)
                0x00085ef8                memmove
 .text.__malloc_lock
                0x00085fc0        0x4 c:/program files (x86)/atmel/studio/7.0/toolchain/arm/arm-gnu-toolchain/bin/../lib/gcc/arm-none-eabi/4.9.3/../../../../arm-none-eabi/lib/armv7-m\libc.a(lib_a-mlock.o)
                0x00085fc0                __malloc_lock
 .text.__malloc_unlock
                0x00085fc4        0x4 c:/program files (x86)/atmel/studio/7.0/toolchain/arm/arm-gnu-toolchain/bin/../lib/gcc/arm-none-eabi/4.9.3/../../../../arm-none-eabi/lib/armv7-m\libc.a(lib_a-mlock.o)
                0x00085fc4                __malloc_unlock
 .text._realloc_r
                0x00085fc8      0x3e0 c:/program files (x86)/atmel/studio/7.0/toolchain/arm/arm-gnu-toolchain/bin/../lib/gcc/arm-none-eabi/4.9.3/../../../../arm-none-eabi/lib/armv7-m\libc.a(lib_a-reallocr.o)
                0x00085fc8                _realloc_r
 .text._sbrk_r  0x000863a8       0x24 c:/program files (x86)/atmel/studio/7.0/toolchain/arm/arm-gnu-toolchain/bin/../lib/gcc/arm-none-eabi/4.9.3/../../../../arm-none-eabi/lib/armv7-m\libc.a(lib_a-sbrkr.o)
                0x000863a8                _sbrk_r
 .text.__sread  0x000863cc       0x24 c:/program files (x86)/atmel/studio/7.0/toolchain/arm/arm-gnu-toolchain/bin/../lib/gcc/arm-none-eabi/4.9.3/../../../../arm-none-eabi/lib/armv7-m\libc.a(lib_a-stdio.o)
                0x000863cc                __sread
 .text.__swrite
                0x000863f0       0x38 c:/program files (x86)/atmel/studio/7.0/toolchain/arm/arm-gnu-toolchain/bin/../lib/gcc/arm-none-eabi/4.9.3/../../../../arm-none-eabi/lib/armv7-m\libc.a(lib_a-stdio.o)
                0x000863f0                __swrite
 .text.__sseek  0x00086428       0x20 c:/program files (x86)/atmel/studio/7.0/toolchain/arm/arm-gnu-toolchain/bin/../lib/gcc/arm-none-eabi/4.9.3/../../../../arm-none-eabi/lib/armv7-m\libc.a(lib_a-stdio.o)
                0x00086428                __sseek
 .text.__sclose
                0x00086448        0x8 c:/program files (x86)/atmel/studio/7.0/toolchain/arm/arm-gnu-toolchain/bin/../lib/gcc/arm-none-eabi/4.9.3/../../../../arm-none-eabi/lib/armv7-m\libc.a(lib_a-stdio.o)
                0x00086448                __sclose
 .text.__swbuf_r
                0x00086450       0xa8 c:/program files (x86)/atmel/studio/7.0/toolchain/arm/arm-gnu-toolchain/bin/../lib/gcc/arm-none-eabi/4.9.3/../../../../arm-none-eabi/lib/armv7-m\libc.a(lib_a-wbuf.o)
                0x00086450                __swbuf_r
 .text._wcrtomb_r
                0x000864f8       0x54 c:/program files (x86)/atmel/studio/7.0/toolchain/arm/arm-gnu-toolchain/bin/../lib/gcc/arm-none-eabi/4.9.3/../../../../arm-none-eabi/lib/armv7-m\libc.a(lib_a-wcrtomb.o)
                0x000864f8                _wcrtomb_r
 .text.__ascii_wctomb
                0x0008654c       0x1c c:/program files (x86)/atmel/studio/7.0/toolchain/arm/arm-gnu-toolchain/bin/../lib/gcc/arm-none-eabi/4.9.3/../../../../arm-none-eabi/lib/armv7-m\libc.a(lib_a-wctomb_r.o)
                0x0008654c                __ascii_wctomb
 .text._write_r
                0x00086568       0x28 c:/program files (x86)/atmel/studio/7.0/toolchain/arm/arm-gnu-toolchain/bin/../lib/gcc/arm-none-eabi/4.9.3/../../../../arm-none-eabi/lib/armv7-m\libc.a(lib_a-writer.o)
                0x00086568                _write_r
 .text.__register_exitproc
                0x00086590       0xa4 c:/program files (x86)/atmel/studio/7.0/toolchain/arm/arm-gnu-toolchain/bin/../lib/gcc/arm-none-eabi/4.9.3/../../../../arm-none-eabi/lib/armv7-m\libc.a(lib_a-__atexit.o)
                0x00086590                __register_exitproc
 .text._close_r
                0x00086634       0x24 c:/program files (x86)/atmel/studio/7.0/toolchain/arm/arm-gnu-toolchain/bin/../lib/gcc/arm-none-eabi/4.9.3/../../../../arm-none-eabi/lib/armv7-m\libc.a(lib_a-closer.o)
                0x00086634                _close_r
 .text._fclose_r
                0x00086658       0x84 c:/program files (x86)/atmel/studio/7.0/toolchain/arm/arm-gnu-toolchain/bin/../lib/gcc/arm-none-eabi/4.9.3/../../../../arm-none-eabi/lib/armv7-m\libc.a(lib_a-fclose.o)
                0x00086658                _fclose_r
 .text._fstat_r
                0x000866dc       0x28 c:/program files (x86)/atmel/studio/7.0/toolchain/arm/arm-gnu-toolchain/bin/../lib/gcc/arm-none-eabi/4.9.3/../../../../arm-none-eabi/lib/armv7-m\libc.a(lib_a-fstatr.o)
                0x000866dc                _fstat_r
 .text._isatty_r
                0x00086704       0x24 c:/program files (x86)/atmel/studio/7.0/toolchain/arm/arm-gnu-toolchain/bin/../lib/gcc/arm-none-eabi/4.9.3/../../../../arm-none-eabi/lib/armv7-m\libc.a(lib_a-isattyr.o)
                0x00086704                _isatty_r
 .text._lseek_r
                0x00086728       0x28 c:/program files (x86)/atmel/studio/7.0/toolchain/arm/arm-gnu-toolchain/bin/../lib/gcc/arm-none-eabi/4.9.3/../../../../arm-none-eabi/lib/armv7-m\libc.a(lib_a-lseekr.o)
                0x00086728                _lseek_r
 .text._read_r  0x00086750       0x28 c:/program files (x86)/atmel/studio/7.0/toolchain/arm/arm-gnu-toolchain/bin/../lib/gcc/arm-none-eabi/4.9.3/../../../../arm-none-eabi/lib/armv7-m\libc.a(lib_a-readr.o)
                0x00086750                _read_r
 .text          0x00086778       0x30 c:/program files (x86)/atmel/studio/7.0/toolchain/arm/arm-gnu-toolchain/bin/../lib/gcc/arm-none-eabi/4.9.3/armv7-m\libgcc.a(_aeabi_uldivmod.o)
                0x00086778                __aeabi_uldivmod
 .text          0x000867a8       0x60 c:/program files (x86)/atmel/studio/7.0/toolchain/arm/arm-gnu-toolchain/bin/../lib/gcc/arm-none-eabi/4.9.3/armv7-m\libgcc.a(bpabi.o)
                0x000867a8                __gnu_ldivmod_helper
                0x000867d8                __gnu_uldivmod_helper
 .text          0x00086808        0x4 c:/program files (x86)/atmel/studio/7.0/toolchain/arm/arm-gnu-toolchain/bin/../lib/gcc/arm-none-eabi/4.9.3/armv7-m\libgcc.a(_dvmd_tls.o)
                0x00086808                __aeabi_idiv0
                0x00086808                __aeabi_ldiv0
 .text          0x0008680c      0x2ac c:/program files (x86)/atmel/studio/7.0/toolchain/arm/arm-gnu-toolchain/bin/../lib/gcc/arm-none-eabi/4.9.3/armv7-m\libgcc.a(_divdi3.o)
                0x0008680c                __divdi3
 .text          0x00086ab8      0x270 c:/program files (x86)/atmel/studio/7.0/toolchain/arm/arm-gnu-toolchain/bin/../lib/gcc/arm-none-eabi/4.9.3/armv7-m\libgcc.a(_udivdi3.o)
                0x00086ab8                __udivdi3
 *(.glue_7t)
 .glue_7t       0x00000000        0x0 linker stubs
 *(.glue_7)
 .glue_7        0x00000000        0x0 linker stubs
 *(.rodata .rodata* .gnu.linkonce.r.*)
 .rodata.can_bit_time
                0x00086d28       0x6c src/Platform/Driver/DD_CAN/D_CAN.o
                0x00086d28                can_bit_time
 .rodata.uart_serial_options
                0x00086d94       0x10 src/CPU3.o
                0x00086d94                uart_serial_options
 .rodata        0x00086da4       0x11 src/CPU3.o
 *fill*         0x00086db5        0x3 
 .rodata.str1.4
                0x00086db8        0x2 c:/program files (x86)/atmel/studio/7.0/toolchain/arm/arm-gnu-toolchain/bin/../lib/gcc/arm-none-eabi/4.9.3/../../../../arm-none-eabi/lib/armv7-m\libc.a(lib_a-impure.o)
 *fill*         0x00086dba        0x2 
 .rodata._global_impure_ptr
                0x00086dbc        0x4 c:/program files (x86)/atmel/studio/7.0/toolchain/arm/arm-gnu-toolchain/bin/../lib/gcc/arm-none-eabi/4.9.3/../../../../arm-none-eabi/lib/armv7-m\libc.a(lib_a-impure.o)
                0x00086dbc                _global_impure_ptr
 .rodata.zeroes.6869
                0x00086dc0       0x10 c:/program files (x86)/atmel/studio/7.0/toolchain/arm/arm-gnu-toolchain/bin/../lib/gcc/arm-none-eabi/4.9.3/../../../../arm-none-eabi/lib/armv7-m\libc.a(lib_a-vfiprintf.o)
 .rodata.str1.4
                0x00086dd0       0x30 c:/program files (x86)/atmel/studio/7.0/toolchain/arm/arm-gnu-toolchain/bin/../lib/gcc/arm-none-eabi/4.9.3/../../../../arm-none-eabi/lib/armv7-m\libc.a(lib_a-vfiprintf.o)
                                 0x2f (size before relaxing)
 .rodata.blanks.6868
                0x00086e00       0x10 c:/program files (x86)/atmel/studio/7.0/toolchain/arm/arm-gnu-toolchain/bin/../lib/gcc/arm-none-eabi/4.9.3/../../../../arm-none-eabi/lib/armv7-m\libc.a(lib_a-vfiprintf.o)
 *(.ARM.extab* .gnu.linkonce.armextab.*)
                0x00086e10                . = ALIGN (0x4)
 *(.init)
 .init          0x00086e10        0x4 c:/program files (x86)/atmel/studio/7.0/toolchain/arm/arm-gnu-toolchain/bin/../lib/gcc/arm-none-eabi/4.9.3/armv7-m/crti.o
                0x00086e10                _init
 .init          0x00086e14        0x8 c:/program files (x86)/atmel/studio/7.0/toolchain/arm/arm-gnu-toolchain/bin/../lib/gcc/arm-none-eabi/4.9.3/armv7-m/crtn.o
                0x00086e1c                . = ALIGN (0x4)
                0x00086e1c                __preinit_array_start = .
 *(.preinit_array)
                0x00086e1c                __preinit_array_end = .
                0x00086e1c                . = ALIGN (0x4)
                0x00086e1c                __init_array_start = .
 *(SORT(.init_array.*))
 .init_array.00000
                0x00086e1c        0x4 c:/program files (x86)/atmel/studio/7.0/toolchain/arm/arm-gnu-toolchain/bin/../lib/gcc/arm-none-eabi/4.9.3/../../../../arm-none-eabi/lib/armv7-m\libc.a(lib_a-__call_atexit.o)
 *(.init_array)
 .init_array    0x00086e20        0x4 c:/program files (x86)/atmel/studio/7.0/toolchain/arm/arm-gnu-toolchain/bin/../lib/gcc/arm-none-eabi/4.9.3/armv7-m/crtbegin.o
                0x00086e24                __init_array_end = .
                0x00086e24                . = ALIGN (0x4)
 *crtbegin.o(.ctors)
 *(EXCLUDE_FILE(*crtend.o) .ctors)
 *(SORT(.ctors.*))
 *crtend.o(.ctors)
                0x00086e24                . = ALIGN (0x4)
 *(.fini)
 .fini          0x00086e24        0x4 c:/program files (x86)/atmel/studio/7.0/toolchain/arm/arm-gnu-toolchain/bin/../lib/gcc/arm-none-eabi/4.9.3/armv7-m/crti.o
                0x00086e24                _fini
 .fini          0x00086e28        0x8 c:/program files (x86)/atmel/studio/7.0/toolchain/arm/arm-gnu-toolchain/bin/../lib/gcc/arm-none-eabi/4.9.3/armv7-m/crtn.o
                0x00086e30                . = ALIGN (0x4)
                0x00086e30                __fini_array_start = .
 *(.fini_array)
 .fini_array    0x00086e30        0x4 c:/program files (x86)/atmel/studio/7.0/toolchain/arm/arm-gnu-toolchain/bin/../lib/gcc/arm-none-eabi/4.9.3/armv7-m/crtbegin.o
 *(SORT(.fini_array.*))
                0x00086e34                __fini_array_end = .
 *crtbegin.o(.dtors)
 *(EXCLUDE_FILE(*crtend.o) .dtors)
 *(SORT(.dtors.*))
 *crtend.o(.dtors)
                0x00086e34                . = ALIGN (0x4)
                0x00086e34                _efixed = .
                0x00086e34                PROVIDE (__exidx_start, .)

.vfp11_veneer   0x00086e34        0x0
 .vfp11_veneer  0x00000000        0x0 linker stubs

.v4_bx          0x00086e34        0x0
 .v4_bx         0x00000000        0x0 linker stubs

.iplt           0x00086e34        0x0
 .iplt          0x00000000        0x0 c:/program files (x86)/atmel/studio/7.0/toolchain/arm/arm-gnu-toolchain/bin/../lib/gcc/arm-none-eabi/4.9.3/armv7-m/crtbegin.o

.ARM.exidx      0x00086e34        0x8
 *(.ARM.exidx* .gnu.linkonce.armexidx.*)
 .ARM.exidx     0x00086e34        0x8 c:/program files (x86)/atmel/studio/7.0/toolchain/arm/arm-gnu-toolchain/bin/../lib/gcc/arm-none-eabi/4.9.3/armv7-m\libgcc.a(_divdi3.o)
 .ARM.exidx     0x00086e3c        0x0 c:/program files (x86)/atmel/studio/7.0/toolchain/arm/arm-gnu-toolchain/bin/../lib/gcc/arm-none-eabi/4.9.3/armv7-m\libgcc.a(_udivdi3.o)
                                  0x8 (size before relaxing)
                0x00086e3c                PROVIDE (__exidx_end, .)

.eh_frame       0x00086e3c        0x0
 .eh_frame      0x00086e3c        0x0 c:/program files (x86)/atmel/studio/7.0/toolchain/arm/arm-gnu-toolchain/bin/../lib/gcc/arm-none-eabi/4.9.3/armv7-m/crtbegin.o

.rel.dyn        0x00086e3c        0x0
 .rel.iplt      0x00000000        0x0 c:/program files (x86)/atmel/studio/7.0/toolchain/arm/arm-gnu-toolchain/bin/../lib/gcc/arm-none-eabi/4.9.3/armv7-m/crtbegin.o

.jcr            0x00086e3c        0x0
 .jcr           0x00086e3c        0x0 c:/program files (x86)/atmel/studio/7.0/toolchain/arm/arm-gnu-toolchain/bin/../lib/gcc/arm-none-eabi/4.9.3/armv7-m/crtbegin.o

.igot.plt       0x00086e3c        0x0
 .igot.plt      0x00000000        0x0 c:/program files (x86)/atmel/studio/7.0/toolchain/arm/arm-gnu-toolchain/bin/../lib/gcc/arm-none-eabi/4.9.3/armv7-m/crtbegin.o
                0x00086e3c                . = ALIGN (0x4)
                0x00086e3c                _etext = .

.relocate       0x20070000      0xc6c load address 0x00086e3c
                0x20070000                . = ALIGN (0x4)
                0x20070000                _srelocate = .
 *(.ramfunc .ramfunc.*)
 *(.data .data.*)
 .data.array_acid
                0x20070000      0x200 src/Platform/Driver/HANDLER/D_HANDLER.o
                0x20070000                array_acid
 .data.array_bicar
                0x20070200      0x200 src/Platform/Driver/HANDLER/D_HANDLER.o
                0x20070200                array_bicar
 .data.state_3  0x20070400        0x1 src/CPU3.o
                0x20070400                state_3
 *fill*         0x20070401        0x3 
 .data.SystemCoreClock
                0x20070404        0x4 src/ASF/sam/utils/cmsis/sam3x/source/templates/system_sam3x.o
                0x20070404                SystemCoreClock
 .data.impure_data
                0x20070408      0x428 c:/program files (x86)/atmel/studio/7.0/toolchain/arm/arm-gnu-toolchain/bin/../lib/gcc/arm-none-eabi/4.9.3/../../../../arm-none-eabi/lib/armv7-m\libc.a(lib_a-impure.o)
 .data._impure_ptr
                0x20070830        0x4 c:/program files (x86)/atmel/studio/7.0/toolchain/arm/arm-gnu-toolchain/bin/../lib/gcc/arm-none-eabi/4.9.3/../../../../arm-none-eabi/lib/armv7-m\libc.a(lib_a-impure.o)
                0x20070830                _impure_ptr
 .data.lc_ctype_charset
                0x20070834       0x20 c:/program files (x86)/atmel/studio/7.0/toolchain/arm/arm-gnu-toolchain/bin/../lib/gcc/arm-none-eabi/4.9.3/../../../../arm-none-eabi/lib/armv7-m\libc.a(lib_a-locale.o)
 .data.__mb_cur_max
                0x20070854        0x4 c:/program files (x86)/atmel/studio/7.0/toolchain/arm/arm-gnu-toolchain/bin/../lib/gcc/arm-none-eabi/4.9.3/../../../../arm-none-eabi/lib/armv7-m\libc.a(lib_a-locale.o)
                0x20070854                __mb_cur_max
 .data.__malloc_av_
                0x20070858      0x408 c:/program files (x86)/atmel/studio/7.0/toolchain/arm/arm-gnu-toolchain/bin/../lib/gcc/arm-none-eabi/4.9.3/../../../../arm-none-eabi/lib/armv7-m\libc.a(lib_a-mallocr.o)
                0x20070858                __malloc_av_
 .data.__malloc_trim_threshold
                0x20070c60        0x4 c:/program files (x86)/atmel/studio/7.0/toolchain/arm/arm-gnu-toolchain/bin/../lib/gcc/arm-none-eabi/4.9.3/../../../../arm-none-eabi/lib/armv7-m\libc.a(lib_a-mallocr.o)
                0x20070c60                __malloc_trim_threshold
 .data.__malloc_sbrk_base
                0x20070c64        0x4 c:/program files (x86)/atmel/studio/7.0/toolchain/arm/arm-gnu-toolchain/bin/../lib/gcc/arm-none-eabi/4.9.3/../../../../arm-none-eabi/lib/armv7-m\libc.a(lib_a-mallocr.o)
                0x20070c64                __malloc_sbrk_base
 .data.__wctomb
                0x20070c68        0x4 c:/program files (x86)/atmel/studio/7.0/toolchain/arm/arm-gnu-toolchain/bin/../lib/gcc/arm-none-eabi/4.9.3/../../../../arm-none-eabi/lib/armv7-m\libc.a(lib_a-wctomb_r.o)
                0x20070c68                __wctomb
                0x20070c6c                . = ALIGN (0x4)
                0x20070c6c                _erelocate = .

.bss            0x20070c6c      0x5fc load address 0x00087aa8
                0x20070c6c                . = ALIGN (0x4)
                0x20070c6c                _sbss = .
                0x20070c6c                _szero = .
 *(.bss .bss.*)
 .bss           0x20070c6c       0x1c c:/program files (x86)/atmel/studio/7.0/toolchain/arm/arm-gnu-toolchain/bin/../lib/gcc/arm-none-eabi/4.9.3/armv7-m/crtbegin.o
 .bss.state     0x20070c88        0x1 src/Platform/Driver/DD_CAN/D_CAN.o
                0x20070c88                state
 *fill*         0x20070c89        0x1 
 .bss.count_start
                0x20070c8a        0x2 src/Platform/Driver/DD_CAN/D_CAN.o
                0x20070c8a                count_start
 .bss.count_stop
                0x20070c8c        0x2 src/Platform/Driver/DD_CAN/D_CAN.o
                0x20070c8c                count_stop
 .bss.data_count
                0x20070c8e        0x1 src/Platform/Driver/DD_CAN/D_CAN.o
                0x20070c8e                data_count
 *fill*         0x20070c8f        0x1 
 .bss.data      0x20070c90        0x3 src/Platform/Driver/DD_CAN/D_CAN.o
                0x20070c90                data
 .bss.sv_rxrdy_flag
                0x20070c93        0x1 src/Platform/Driver/DD_CAN/D_CAN.o
                0x20070c93                sv_rxrdy_flag
 .bss.data_buff
                0x20070c94        0x3 src/Platform/Driver/DD_CAN/D_CAN.o
                0x20070c94                data_buff
 .bss.test      0x20070c97        0x1 src/Platform/Driver/DD_CAN/D_CAN.o
                0x20070c97                test
 .bss.stabilise_Conductivity
                0x20070c98        0x1 src/Platform/Driver/DD_CAN/D_CAN.o
                0x20070c98                stabilise_Conductivity
 *fill*         0x20070c99        0x1 
 .bss.conductivity
                0x20070c9a        0x2 src/Platform/Driver/DD_CAN/D_CAN.o
                0x20070c9a                conductivity
 .bss.avg_conductivity
                0x20070c9c        0x2 src/Platform/Driver/DD_CAN/D_CAN.o
                0x20070c9c                avg_conductivity
 *fill*         0x20070c9e        0x2 
 .bss.g_ul_recv_status
                0x20070ca0        0x4 src/Platform/Driver/DD_CAN/D_CAN.o
                0x20070ca0                g_ul_recv_status
 .bss.toggle    0x20070ca4        0x1 src/Platform/Driver/HANDLER/D_HANDLER.o
 *fill*         0x20070ca5        0x3 
 .bss.TC1_cnt   0x20070ca8        0x4 src/Platform/Driver/HANDLER/D_HANDLER.o
                0x20070ca8                TC1_cnt
 .bss.TC2_cnt   0x20070cac        0x4 src/Platform/Driver/HANDLER/D_HANDLER.o
                0x20070cac                TC2_cnt
 .bss.Cnt_TC0_total
                0x20070cb0        0x4 src/Platform/Driver/HANDLER/D_HANDLER.o
                0x20070cb0                Cnt_TC0_total
 .bss.Cnt_TC1_total
                0x20070cb4        0x4 src/Platform/Driver/HANDLER/D_HANDLER.o
                0x20070cb4                Cnt_TC1_total
 .bss.OneSecFlag
                0x20070cb8        0x1 src/Platform/Driver/HANDLER/D_HANDLER.o
                0x20070cb8                OneSecFlag
 *fill*         0x20070cb9        0x3 
 .bss.tick      0x20070cbc        0x4 src/Platform/Driver/HANDLER/D_HANDLER.o
                0x20070cbc                tick
 .bss.tick_10   0x20070cc0        0x4 src/Platform/Driver/HANDLER/D_HANDLER.o
                0x20070cc0                tick_10
 .bss.tick_50   0x20070cc4        0x4 src/Platform/Driver/HANDLER/D_HANDLER.o
                0x20070cc4                tick_50
 .bss.tick_100  0x20070cc8        0x4 src/Platform/Driver/HANDLER/D_HANDLER.o
                0x20070cc8                tick_100
 .bss.tick_500  0x20070ccc        0x4 src/Platform/Driver/HANDLER/D_HANDLER.o
                0x20070ccc                tick_500
 .bss.ul_reg_val.7258
                0x20070cd0        0x4 src/ASF/sam/drivers/usart/usart.o
 .bss.count     0x20070cd4        0x4 src/CPU3.o
                0x20070cd4                count
 .bss.count1    0x20070cd8        0x4 src/CPU3.o
                0x20070cd8                count1
 .bss.openfillstate
                0x20070cdc        0x1 src/CPU3.o
                0x20070cdc                openfillstate
 .bss.flag_nrmal
                0x20070cdd        0x1 src/CPU3.o
                0x20070cdd                flag_nrmal
 *fill*         0x20070cde        0x2 
 .bss.rc        0x20070ce0        0x4 src/CPU3.o
                0x20070ce0                rc
 .bss.Set_RC    0x20070ce4        0x4 src/CPU3.o
                0x20070ce4                Set_RC
 .bss.Correction_Count
                0x20070ce8        0x1 src/CPU3.o
                0x20070ce8                Correction_Count
 .bss.feedcount_flag
                0x20070ce9        0x1 src/CPU3.o
                0x20070ce9                feedcount_flag
 *fill*         0x20070cea        0x2 
 .bss.acid_count
                0x20070cec        0x4 src/CPU3.o
                0x20070cec                acid_count
 .bss.bicarb_count
                0x20070cf0        0x4 src/CPU3.o
                0x20070cf0                bicarb_count
 .bss.cnt.8973  0x20070cf4        0x1 src/CPU3.o
 *fill*         0x20070cf5        0x3 
 .bss.status.8988
                0x20070cf8        0x4 src/CPU3.o
 .bss.status_bic.8989
                0x20070cfc        0x4 src/CPU3.o
 .bss.status_fdbck.8990
                0x20070d00        0x4 src/CPU3.o
 .bss.prev_status_bic.8993
                0x20070d04        0x4 src/CPU3.o
 .bss.prev_status_fdbck.8995
                0x20070d08        0x4 src/CPU3.o
 .bss.flag_1.8985
                0x20070d0c        0x4 src/CPU3.o
 .bss.prev_status.8991
                0x20070d10        0x4 src/CPU3.o
 .bss.dummy_1.8984
                0x20070d14        0x4 src/CPU3.o
 .bss.flag_1b.8986
                0x20070d18        0x4 src/CPU3.o
 .bss.dummy_1b.8987
                0x20070d1c        0x4 src/CPU3.o
 .bss.gs_interrupt_sources
                0x20070d20       0x70 src/ASF/sam/drivers/pio/pio_handler.o
 .bss.heap.5211
                0x20070d90        0x4 src/ASF/sam/utils/syscalls/gcc/syscalls.o
 .bss.__malloc_max_total_mem
                0x20070d94        0x4 c:/program files (x86)/atmel/studio/7.0/toolchain/arm/arm-gnu-toolchain/bin/../lib/gcc/arm-none-eabi/4.9.3/../../../../arm-none-eabi/lib/armv7-m\libc.a(lib_a-mallocr.o)
                0x20070d94                __malloc_max_total_mem
 .bss.__malloc_max_sbrked_mem
                0x20070d98        0x4 c:/program files (x86)/atmel/studio/7.0/toolchain/arm/arm-gnu-toolchain/bin/../lib/gcc/arm-none-eabi/4.9.3/../../../../arm-none-eabi/lib/armv7-m\libc.a(lib_a-mallocr.o)
                0x20070d98                __malloc_max_sbrked_mem
 .bss.__malloc_top_pad
                0x20070d9c        0x4 c:/program files (x86)/atmel/studio/7.0/toolchain/arm/arm-gnu-toolchain/bin/../lib/gcc/arm-none-eabi/4.9.3/../../../../arm-none-eabi/lib/armv7-m\libc.a(lib_a-mallocr.o)
                0x20070d9c                __malloc_top_pad
 .bss.__malloc_current_mallinfo
                0x20070da0       0x28 c:/program files (x86)/atmel/studio/7.0/toolchain/arm/arm-gnu-toolchain/bin/../lib/gcc/arm-none-eabi/4.9.3/../../../../arm-none-eabi/lib/armv7-m\libc.a(lib_a-mallocr.o)
                0x20070da0                __malloc_current_mallinfo
 *(COMMON)
 COMMON         0x20070dc8      0x430 src/Platform/Driver/DD_CAN/D_CAN.o
                0x20070dc8                address
                0x20070dcc                flag
                0x20070dd0                temp_struct
                0x20070dd4                start_c
                0x20070dd6                User_setConductivity
                0x20070dd8                flag1
                0x20070ddc                can0_mailbox
                0x20070dfc                flag_buff
                0x20070e00                address_1
                0x20070e04                can0_transceiver
                0x20070e0c                flag_buff1
                0x20070e10                data_buffer
 COMMON         0x200711f8        0x8 src/Platform/Driver/HANDLER/D_HANDLER.o
                0x200711f8                time_tick
                0x200711fc                stepcount
 COMMON         0x20071200        0x4 src/Platform/Service/STATUS/S_STUS.o
                0x20071200                acid_f_b
                0x20071202                bicarb_f_b
 COMMON         0x20071204        0x4 src/ASF/common/utils/stdio/read.o
                0x20071204                ptr_get
 COMMON         0x20071208        0x8 src/ASF/common/utils/stdio/write.o
                0x20071208                ptr_put
                0x2007120c                stdio_base
 COMMON         0x20071210       0x54 src/CPU3.o
                0x20071210                cond1
                0x20071214                cond1_c
                0x20071218                cond2_v
                0x2007121c                sv_sys_statbuffer
                0x20071228                bic_rc
                0x2007122c                mode
                0x20071230                sensor_status
                0x20071248                bic_ra
                0x2007124c                data_stream
                0x20071250                cond2
                0x20071254                cond1_v
                0x20071258                cpu3_time
                0x2007125c                cond2_c
                0x20071260                ra
 COMMON         0x20071264        0x4 c:/program files (x86)/atmel/studio/7.0/toolchain/arm/arm-gnu-toolchain/bin/../lib/gcc/arm-none-eabi/4.9.3/../../../../arm-none-eabi/lib/armv7-m\libc.a(lib_a-reent.o)
                0x20071264                errno
                0x20071268                . = ALIGN (0x4)
                0x20071268                _ebss = .
                0x20071268                _ezero = .

.stack          0x20071268     0x2000 load address 0x000880a4
                0x20071268                . = ALIGN (0x8)
                0x20071268                _sstack = .
                0x20073268                . = (. + __stack_size__)
 *fill*         0x20071268     0x2000 
                0x20073268                . = ALIGN (0x8)
                0x20073268                _estack = .
                0x20073268                . = ALIGN (0x4)
                0x20073268                _end = .
OUTPUT(CPU3.elf elf32-littlearm)

.ARM.attributes
                0x00000000       0x29
 .ARM.attributes
                0x00000000       0x1d c:/program files (x86)/atmel/studio/7.0/toolchain/arm/arm-gnu-toolchain/bin/../lib/gcc/arm-none-eabi/4.9.3/armv7-m/crti.o
 .ARM.attributes
                0x0000001d       0x2d c:/program files (x86)/atmel/studio/7.0/toolchain/arm/arm-gnu-toolchain/bin/../lib/gcc/arm-none-eabi/4.9.3/armv7-m/crtbegin.o
 .ARM.attributes
                0x0000004a       0x33 src/Platform/Driver/CLOCK/D_CLOCK.o
 .ARM.attributes
                0x0000007d       0x33 src/Platform/Driver/DD_CAN/D_CAN.o
 .ARM.attributes
                0x000000b0       0x33 src/Platform/Driver/D_SYS/D_SYS.o
 .ARM.attributes
                0x000000e3       0x33 src/Platform/Driver/GPIO/D_GPIO.o
 .ARM.attributes
                0x00000116       0x33 src/Platform/Driver/HANDLER/D_HANDLER.o
 .ARM.attributes
                0x00000149       0x33 src/Platform/Driver/INT/D_INT.o
 .ARM.attributes
                0x0000017c       0x33 src/Platform/Driver/PWM/D_PWM.o
 .ARM.attributes
                0x000001af       0x33 src/Platform/Driver/TIMER/D_TIMER.o
 .ARM.attributes
                0x000001e2       0x33 src/Platform/Service/CNTRL/S_CNTRL.o
 .ARM.attributes
                0x00000215       0x33 src/Platform/Service/STATUS/S_STUS.o
 .ARM.attributes
                0x00000248       0x33 src/Platform/Service/SYS/S_SYS.o
 .ARM.attributes
                0x0000027b       0x33 src/Platform/Service/TIMER/S_TIMER.o
 .ARM.attributes
                0x000002ae       0x33 src/ASF/common/utils/stdio/read.o
 .ARM.attributes
                0x000002e1       0x33 src/ASF/common/utils/stdio/write.o
 .ARM.attributes
                0x00000314       0x33 src/ASF/sam/drivers/tc/tc.o
 .ARM.attributes
                0x00000347       0x33 src/ASF/sam/drivers/uart/uart.o
 .ARM.attributes
                0x0000037a       0x33 src/ASF/sam/drivers/usart/usart.o
 .ARM.attributes
                0x000003ad       0x33 src/CPU3.o
 .ARM.attributes
                0x000003e0       0x33 src/ASF/common/services/clock/sam3x/sysclk.o
 .ARM.attributes
                0x00000413       0x33 src/ASF/sam/boards/arduino_due_x/init.o
 .ARM.attributes
                0x00000446       0x33 src/ASF/sam/drivers/pio/pio.o
 .ARM.attributes
                0x00000479       0x33 src/ASF/sam/drivers/pio/pio_handler.o
 .ARM.attributes
                0x000004ac       0x33 src/ASF/sam/drivers/pmc/pmc.o
 .ARM.attributes
                0x000004df       0x33 src/ASF/sam/utils/cmsis/sam3x/source/templates/exceptions.o
 .ARM.attributes
                0x00000512       0x33 src/ASF/sam/utils/cmsis/sam3x/source/templates/gcc/startup_sam3x.o
 .ARM.attributes
                0x00000545       0x33 src/ASF/sam/utils/cmsis/sam3x/source/templates/system_sam3x.o
 .ARM.attributes
                0x00000578       0x33 src/ASF/sam/utils/syscalls/gcc/syscalls.o
 .ARM.attributes
                0x000005ab       0x1d c:/program files (x86)/atmel/studio/7.0/toolchain/arm/arm-gnu-toolchain/bin/../lib/gcc/arm-none-eabi/4.9.3/armv7-m\libgcc.a(_arm_addsubdf3.o)
 .ARM.attributes
                0x000005c8       0x1d c:/program files (x86)/atmel/studio/7.0/toolchain/arm/arm-gnu-toolchain/bin/../lib/gcc/arm-none-eabi/4.9.3/armv7-m\libgcc.a(_arm_fixunsdfsi.o)
 .ARM.attributes
                0x000005e5       0x2d c:/program files (x86)/atmel/studio/7.0/toolchain/arm/arm-gnu-toolchain/bin/../lib/gcc/arm-none-eabi/4.9.3/../../../../arm-none-eabi/lib/armv7-m\libc.a(lib_a-impure.o)
 .ARM.attributes
                0x00000612       0x2d c:/program files (x86)/atmel/studio/7.0/toolchain/arm/arm-gnu-toolchain/bin/../lib/gcc/arm-none-eabi/4.9.3/../../../../arm-none-eabi/lib/armv7-m\libc.a(lib_a-init.o)
 .ARM.attributes
                0x0000063f       0x2d c:/program files (x86)/atmel/studio/7.0/toolchain/arm/arm-gnu-toolchain/bin/../lib/gcc/arm-none-eabi/4.9.3/../../../../arm-none-eabi/lib/armv7-m\libc.a(lib_a-iprintf.o)
 .ARM.attributes
                0x0000066c       0x2d c:/program files (x86)/atmel/studio/7.0/toolchain/arm/arm-gnu-toolchain/bin/../lib/gcc/arm-none-eabi/4.9.3/../../../../arm-none-eabi/lib/armv7-m\libc.a(lib_a-memset.o)
 .ARM.attributes
                0x00000699       0x2d c:/program files (x86)/atmel/studio/7.0/toolchain/arm/arm-gnu-toolchain/bin/../lib/gcc/arm-none-eabi/4.9.3/../../../../arm-none-eabi/lib/armv7-m\libc.a(lib_a-setbuf.o)
 .ARM.attributes
                0x000006c6       0x2d c:/program files (x86)/atmel/studio/7.0/toolchain/arm/arm-gnu-toolchain/bin/../lib/gcc/arm-none-eabi/4.9.3/../../../../arm-none-eabi/lib/armv7-m\libc.a(lib_a-setvbuf.o)
 .ARM.attributes
                0x000006f3       0x2d c:/program files (x86)/atmel/studio/7.0/toolchain/arm/arm-gnu-toolchain/bin/../lib/gcc/arm-none-eabi/4.9.3/../../../../arm-none-eabi/lib/armv7-m\libc.a(lib_a-strlen.o)
 .ARM.attributes
                0x00000720       0x2d c:/program files (x86)/atmel/studio/7.0/toolchain/arm/arm-gnu-toolchain/bin/../lib/gcc/arm-none-eabi/4.9.3/../../../../arm-none-eabi/lib/armv7-m\libc.a(lib_a-vfiprintf.o)
 .ARM.attributes
                0x0000074d       0x2d c:/program files (x86)/atmel/studio/7.0/toolchain/arm/arm-gnu-toolchain/bin/../lib/gcc/arm-none-eabi/4.9.3/../../../../arm-none-eabi/lib/armv7-m\libc.a(lib_a-wsetup.o)
 .ARM.attributes
                0x0000077a       0x2d c:/program files (x86)/atmel/studio/7.0/toolchain/arm/arm-gnu-toolchain/bin/../lib/gcc/arm-none-eabi/4.9.3/../../../../arm-none-eabi/lib/armv7-m\libc.a(lib_a-__call_atexit.o)
 .ARM.attributes
                0x000007a7       0x2d c:/program files (x86)/atmel/studio/7.0/toolchain/arm/arm-gnu-toolchain/bin/../lib/gcc/arm-none-eabi/4.9.3/../../../../arm-none-eabi/lib/armv7-m\libc.a(lib_a-atexit.o)
 .ARM.attributes
                0x000007d4       0x2d c:/program files (x86)/atmel/studio/7.0/toolchain/arm/arm-gnu-toolchain/bin/../lib/gcc/arm-none-eabi/4.9.3/../../../../arm-none-eabi/lib/armv7-m\libc.a(lib_a-fflush.o)
 .ARM.attributes
                0x00000801       0x2d c:/program files (x86)/atmel/studio/7.0/toolchain/arm/arm-gnu-toolchain/bin/../lib/gcc/arm-none-eabi/4.9.3/../../../../arm-none-eabi/lib/armv7-m\libc.a(lib_a-findfp.o)
 .ARM.attributes
                0x0000082e       0x2d c:/program files (x86)/atmel/studio/7.0/toolchain/arm/arm-gnu-toolchain/bin/../lib/gcc/arm-none-eabi/4.9.3/../../../../arm-none-eabi/lib/armv7-m\libc.a(lib_a-fini.o)
 .ARM.attributes
                0x0000085b       0x2d c:/program files (x86)/atmel/studio/7.0/toolchain/arm/arm-gnu-toolchain/bin/../lib/gcc/arm-none-eabi/4.9.3/../../../../arm-none-eabi/lib/armv7-m\libc.a(lib_a-fputwc.o)
 .ARM.attributes
                0x00000888       0x2d c:/program files (x86)/atmel/studio/7.0/toolchain/arm/arm-gnu-toolchain/bin/../lib/gcc/arm-none-eabi/4.9.3/../../../../arm-none-eabi/lib/armv7-m\libc.a(lib_a-freer.o)
 .ARM.attributes
                0x000008b5       0x2d c:/program files (x86)/atmel/studio/7.0/toolchain/arm/arm-gnu-toolchain/bin/../lib/gcc/arm-none-eabi/4.9.3/../../../../arm-none-eabi/lib/armv7-m\libc.a(lib_a-fvwrite.o)
 .ARM.attributes
                0x000008e2       0x2d c:/program files (x86)/atmel/studio/7.0/toolchain/arm/arm-gnu-toolchain/bin/../lib/gcc/arm-none-eabi/4.9.3/../../../../arm-none-eabi/lib/armv7-m\libc.a(lib_a-fwalk.o)
 .ARM.attributes
                0x0000090f       0x2d c:/program files (x86)/atmel/studio/7.0/toolchain/arm/arm-gnu-toolchain/bin/../lib/gcc/arm-none-eabi/4.9.3/../../../../arm-none-eabi/lib/armv7-m\libc.a(lib_a-locale.o)
 .ARM.attributes
                0x0000093c       0x2d c:/program files (x86)/atmel/studio/7.0/toolchain/arm/arm-gnu-toolchain/bin/../lib/gcc/arm-none-eabi/4.9.3/../../../../arm-none-eabi/lib/armv7-m\libc.a(lib_a-makebuf.o)
 .ARM.attributes
                0x00000969       0x2d c:/program files (x86)/atmel/studio/7.0/toolchain/arm/arm-gnu-toolchain/bin/../lib/gcc/arm-none-eabi/4.9.3/../../../../arm-none-eabi/lib/armv7-m\libc.a(lib_a-malloc.o)
 .ARM.attributes
                0x00000996       0x2d c:/program files (x86)/atmel/studio/7.0/toolchain/arm/arm-gnu-toolchain/bin/../lib/gcc/arm-none-eabi/4.9.3/../../../../arm-none-eabi/lib/armv7-m\libc.a(lib_a-mallocr.o)
 .ARM.attributes
                0x000009c3       0x2d c:/program files (x86)/atmel/studio/7.0/toolchain/arm/arm-gnu-toolchain/bin/../lib/gcc/arm-none-eabi/4.9.3/../../../../arm-none-eabi/lib/armv7-m\libc.a(lib_a-memchr.o)
 .ARM.attributes
                0x000009f0       0x1b c:/program files (x86)/atmel/studio/7.0/toolchain/arm/arm-gnu-toolchain/bin/../lib/gcc/arm-none-eabi/4.9.3/../../../../arm-none-eabi/lib/armv7-m\libc.a(lib_a-memcpy.o)
 .ARM.attributes
                0x00000a0b       0x2d c:/program files (x86)/atmel/studio/7.0/toolchain/arm/arm-gnu-toolchain/bin/../lib/gcc/arm-none-eabi/4.9.3/../../../../arm-none-eabi/lib/armv7-m\libc.a(lib_a-memmove.o)
 .ARM.attributes
                0x00000a38       0x2d c:/program files (x86)/atmel/studio/7.0/toolchain/arm/arm-gnu-toolchain/bin/../lib/gcc/arm-none-eabi/4.9.3/../../../../arm-none-eabi/lib/armv7-m\libc.a(lib_a-mlock.o)
 .ARM.attributes
                0x00000a65       0x2d c:/program files (x86)/atmel/studio/7.0/toolchain/arm/arm-gnu-toolchain/bin/../lib/gcc/arm-none-eabi/4.9.3/../../../../arm-none-eabi/lib/armv7-m\libc.a(lib_a-reallocr.o)
 .ARM.attributes
                0x00000a92       0x2d c:/program files (x86)/atmel/studio/7.0/toolchain/arm/arm-gnu-toolchain/bin/../lib/gcc/arm-none-eabi/4.9.3/../../../../arm-none-eabi/lib/armv7-m\libc.a(lib_a-sbrkr.o)
 .ARM.attributes
                0x00000abf       0x2d c:/program files (x86)/atmel/studio/7.0/toolchain/arm/arm-gnu-toolchain/bin/../lib/gcc/arm-none-eabi/4.9.3/../../../../arm-none-eabi/lib/armv7-m\libc.a(lib_a-stdio.o)
 .ARM.attributes
                0x00000aec       0x2d c:/program files (x86)/atmel/studio/7.0/toolchain/arm/arm-gnu-toolchain/bin/../lib/gcc/arm-none-eabi/4.9.3/../../../../arm-none-eabi/lib/armv7-m\libc.a(lib_a-wbuf.o)
 .ARM.attributes
                0x00000b19       0x2d c:/program files (x86)/atmel/studio/7.0/toolchain/arm/arm-gnu-toolchain/bin/../lib/gcc/arm-none-eabi/4.9.3/../../../../arm-none-eabi/lib/armv7-m\libc.a(lib_a-wcrtomb.o)
 .ARM.attributes
                0x00000b46       0x2d c:/program files (x86)/atmel/studio/7.0/toolchain/arm/arm-gnu-toolchain/bin/../lib/gcc/arm-none-eabi/4.9.3/../../../../arm-none-eabi/lib/armv7-m\libc.a(lib_a-wctomb_r.o)
 .ARM.attributes
                0x00000b73       0x2d c:/program files (x86)/atmel/studio/7.0/toolchain/arm/arm-gnu-toolchain/bin/../lib/gcc/arm-none-eabi/4.9.3/../../../../arm-none-eabi/lib/armv7-m\libc.a(lib_a-writer.o)
 .ARM.attributes
                0x00000ba0       0x2d c:/program files (x86)/atmel/studio/7.0/toolchain/arm/arm-gnu-toolchain/bin/../lib/gcc/arm-none-eabi/4.9.3/../../../../arm-none-eabi/lib/armv7-m\libc.a(lib_a-__atexit.o)
 .ARM.attributes
                0x00000bcd       0x2d c:/program files (x86)/atmel/studio/7.0/toolchain/arm/arm-gnu-toolchain/bin/../lib/gcc/arm-none-eabi/4.9.3/../../../../arm-none-eabi/lib/armv7-m\libc.a(lib_a-closer.o)
 .ARM.attributes
                0x00000bfa       0x2d c:/program files (x86)/atmel/studio/7.0/toolchain/arm/arm-gnu-toolchain/bin/../lib/gcc/arm-none-eabi/4.9.3/../../../../arm-none-eabi/lib/armv7-m\libc.a(lib_a-fclose.o)
 .ARM.attributes
                0x00000c27       0x2d c:/program files (x86)/atmel/studio/7.0/toolchain/arm/arm-gnu-toolchain/bin/../lib/gcc/arm-none-eabi/4.9.3/../../../../arm-none-eabi/lib/armv7-m\libc.a(lib_a-fstatr.o)
 .ARM.attributes
                0x00000c54       0x2d c:/program files (x86)/atmel/studio/7.0/toolchain/arm/arm-gnu-toolchain/bin/../lib/gcc/arm-none-eabi/4.9.3/../../../../arm-none-eabi/lib/armv7-m\libc.a(lib_a-isattyr.o)
 .ARM.attributes
                0x00000c81       0x2d c:/program files (x86)/atmel/studio/7.0/toolchain/arm/arm-gnu-toolchain/bin/../lib/gcc/arm-none-eabi/4.9.3/../../../../arm-none-eabi/lib/armv7-m\libc.a(lib_a-lseekr.o)
 .ARM.attributes
                0x00000cae       0x2d c:/program files (x86)/atmel/studio/7.0/toolchain/arm/arm-gnu-toolchain/bin/../lib/gcc/arm-none-eabi/4.9.3/../../../../arm-none-eabi/lib/armv7-m\libc.a(lib_a-readr.o)
 .ARM.attributes
                0x00000cdb       0x2d c:/program files (x86)/atmel/studio/7.0/toolchain/arm/arm-gnu-toolchain/bin/../lib/gcc/arm-none-eabi/4.9.3/../../../../arm-none-eabi/lib/armv7-m\libc.a(lib_a-reent.o)
 .ARM.attributes
                0x00000d08       0x1d c:/program files (x86)/atmel/studio/7.0/toolchain/arm/arm-gnu-toolchain/bin/../lib/gcc/arm-none-eabi/4.9.3/armv7-m\libgcc.a(_aeabi_uldivmod.o)
 .ARM.attributes
                0x00000d25       0x2d c:/program files (x86)/atmel/studio/7.0/toolchain/arm/arm-gnu-toolchain/bin/../lib/gcc/arm-none-eabi/4.9.3/armv7-m\libgcc.a(bpabi.o)
 .ARM.attributes
                0x00000d52       0x1d c:/program files (x86)/atmel/studio/7.0/toolchain/arm/arm-gnu-toolchain/bin/../lib/gcc/arm-none-eabi/4.9.3/armv7-m\libgcc.a(_dvmd_tls.o)
 .ARM.attributes
                0x00000d6f       0x2d c:/program files (x86)/atmel/studio/7.0/toolchain/arm/arm-gnu-toolchain/bin/../lib/gcc/arm-none-eabi/4.9.3/armv7-m\libgcc.a(_divdi3.o)
 .ARM.attributes
                0x00000d9c       0x2d c:/program files (x86)/atmel/studio/7.0/toolchain/arm/arm-gnu-toolchain/bin/../lib/gcc/arm-none-eabi/4.9.3/armv7-m\libgcc.a(_udivdi3.o)
 .ARM.attributes
                0x00000dc9       0x1d c:/program files (x86)/atmel/studio/7.0/toolchain/arm/arm-gnu-toolchain/bin/../lib/gcc/arm-none-eabi/4.9.3/armv7-m/crtn.o

.comment        0x00000000       0x5b
 .comment       0x00000000       0x5b src/Platform/Driver/CLOCK/D_CLOCK.o
                                 0x5c (size before relaxing)
 .comment       0x00000000       0x5c src/Platform/Driver/DD_CAN/D_CAN.o
 .comment       0x00000000       0x5c src/Platform/Driver/D_SYS/D_SYS.o
 .comment       0x00000000       0x5c src/Platform/Driver/GPIO/D_GPIO.o
 .comment       0x00000000       0x5c src/Platform/Driver/HANDLER/D_HANDLER.o
 .comment       0x00000000       0x5c src/Platform/Driver/INT/D_INT.o
 .comment       0x00000000       0x5c src/Platform/Driver/PWM/D_PWM.o
 .comment       0x00000000       0x5c src/Platform/Driver/TIMER/D_TIMER.o
 .comment       0x00000000       0x5c src/Platform/Service/CNTRL/S_CNTRL.o
 .comment       0x00000000       0x5c src/Platform/Service/STATUS/S_STUS.o
 .comment       0x00000000       0x5c src/Platform/Service/SYS/S_SYS.o
 .comment       0x00000000       0x5c src/Platform/Service/TIMER/S_TIMER.o
 .comment       0x00000000       0x5c src/ASF/common/utils/stdio/read.o
 .comment       0x00000000       0x5c src/ASF/common/utils/stdio/write.o
 .comment       0x00000000       0x5c src/ASF/sam/drivers/tc/tc.o
 .comment       0x00000000       0x5c src/ASF/sam/drivers/uart/uart.o
 .comment       0x00000000       0x5c src/ASF/sam/drivers/usart/usart.o
 .comment       0x00000000       0x5c src/CPU3.o
 .comment       0x00000000       0x5c src/ASF/common/services/clock/sam3x/sysclk.o
 .comment       0x00000000       0x5c src/ASF/sam/boards/arduino_due_x/init.o
 .comment       0x00000000       0x5c src/ASF/sam/drivers/pio/pio.o
 .comment       0x00000000       0x5c src/ASF/sam/drivers/pio/pio_handler.o
 .comment       0x00000000       0x5c src/ASF/sam/drivers/pmc/pmc.o
 .comment       0x00000000       0x5c src/ASF/sam/utils/cmsis/sam3x/source/templates/exceptions.o
 .comment       0x00000000       0x5c src/ASF/sam/utils/cmsis/sam3x/source/templates/gcc/startup_sam3x.o
 .comment       0x00000000       0x5c src/ASF/sam/utils/cmsis/sam3x/source/templates/system_sam3x.o
 .comment       0x00000000       0x5c src/ASF/sam/utils/syscalls/gcc/syscalls.o

.debug_info     0x00000000    0x159a7
 .debug_info    0x00000000      0xcfa src/Platform/Driver/CLOCK/D_CLOCK.o
 .debug_info    0x00000cfa     0x1d28 src/Platform/Driver/DD_CAN/D_CAN.o
 .debug_info    0x00002a22     0x1578 src/Platform/Driver/D_SYS/D_SYS.o
 .debug_info    0x00003f9a      0xfb4 src/Platform/Driver/GPIO/D_GPIO.o
 .debug_info    0x00004f4e     0x154f src/Platform/Driver/HANDLER/D_HANDLER.o
 .debug_info    0x0000649d     0x10e9 src/Platform/Driver/INT/D_INT.o
 .debug_info    0x00007586      0xfbd src/Platform/Driver/PWM/D_PWM.o
 .debug_info    0x00008543      0xf4d src/Platform/Driver/TIMER/D_TIMER.o
 .debug_info    0x00009490      0xb66 src/Platform/Service/CNTRL/S_CNTRL.o
 .debug_info    0x00009ff6      0xdfe src/Platform/Service/STATUS/S_STUS.o
 .debug_info    0x0000adf4      0xa5a src/Platform/Service/SYS/S_SYS.o
 .debug_info    0x0000b84e      0xac2 src/Platform/Service/TIMER/S_TIMER.o
 .debug_info    0x0000c310      0x1ae src/ASF/common/utils/stdio/read.o
 .debug_info    0x0000c4be      0x1bc src/ASF/common/utils/stdio/write.o
 .debug_info    0x0000c67a      0x95b src/ASF/sam/drivers/tc/tc.o
 .debug_info    0x0000cfd5      0x839 src/ASF/sam/drivers/uart/uart.o
 .debug_info    0x0000d80e     0x18a9 src/ASF/sam/drivers/usart/usart.o
 .debug_info    0x0000f0b7     0x2413 src/CPU3.o
 .debug_info    0x000114ca      0x6bb src/ASF/common/services/clock/sam3x/sysclk.o
 .debug_info    0x00011b85      0x5ed src/ASF/sam/boards/arduino_due_x/init.o
 .debug_info    0x00012172      0xed3 src/ASF/sam/drivers/pio/pio.o
 .debug_info    0x00013045      0xc7d src/ASF/sam/drivers/pio/pio_handler.o
 .debug_info    0x00013cc2     0x1037 src/ASF/sam/drivers/pmc/pmc.o
 .debug_info    0x00014cf9       0xba src/ASF/sam/utils/cmsis/sam3x/source/templates/exceptions.o
 .debug_info    0x00014db3      0x361 src/ASF/sam/utils/cmsis/sam3x/source/templates/gcc/startup_sam3x.o
 .debug_info    0x00015114      0x47a src/ASF/sam/utils/cmsis/sam3x/source/templates/system_sam3x.o
 .debug_info    0x0001558e      0x419 src/ASF/sam/utils/syscalls/gcc/syscalls.o

.debug_abbrev   0x00000000     0x3003
 .debug_abbrev  0x00000000      0x1ba src/Platform/Driver/CLOCK/D_CLOCK.o
 .debug_abbrev  0x000001ba      0x3e3 src/Platform/Driver/DD_CAN/D_CAN.o
 .debug_abbrev  0x0000059d      0x251 src/Platform/Driver/D_SYS/D_SYS.o
 .debug_abbrev  0x000007ee      0x208 src/Platform/Driver/GPIO/D_GPIO.o
 .debug_abbrev  0x000009f6      0x247 src/Platform/Driver/HANDLER/D_HANDLER.o
 .debug_abbrev  0x00000c3d      0x211 src/Platform/Driver/INT/D_INT.o
 .debug_abbrev  0x00000e4e      0x1fd src/Platform/Driver/PWM/D_PWM.o
 .debug_abbrev  0x0000104b      0x219 src/Platform/Driver/TIMER/D_TIMER.o
 .debug_abbrev  0x00001264      0x1e5 src/Platform/Service/CNTRL/S_CNTRL.o
 .debug_abbrev  0x00001449      0x203 src/Platform/Service/STATUS/S_STUS.o
 .debug_abbrev  0x0000164c      0x1a0 src/Platform/Service/SYS/S_SYS.o
 .debug_abbrev  0x000017ec      0x1b3 src/Platform/Service/TIMER/S_TIMER.o
 .debug_abbrev  0x0000199f       0xdd src/ASF/common/utils/stdio/read.o
 .debug_abbrev  0x00001a7c       0xe6 src/ASF/common/utils/stdio/write.o
 .debug_abbrev  0x00001b62      0x158 src/ASF/sam/drivers/tc/tc.o
 .debug_abbrev  0x00001cba      0x169 src/ASF/sam/drivers/uart/uart.o
 .debug_abbrev  0x00001e23      0x1d6 src/ASF/sam/drivers/usart/usart.o
 .debug_abbrev  0x00001ff9      0x3ac src/CPU3.o
 .debug_abbrev  0x000023a5      0x1db src/ASF/common/services/clock/sam3x/sysclk.o
 .debug_abbrev  0x00002580      0x143 src/ASF/sam/boards/arduino_due_x/init.o
 .debug_abbrev  0x000026c3      0x1a6 src/ASF/sam/drivers/pio/pio.o
 .debug_abbrev  0x00002869      0x20f src/ASF/sam/drivers/pio/pio_handler.o
 .debug_abbrev  0x00002a78      0x20d src/ASF/sam/drivers/pmc/pmc.o
 .debug_abbrev  0x00002c85       0x6c src/ASF/sam/utils/cmsis/sam3x/source/templates/exceptions.o
 .debug_abbrev  0x00002cf1      0x100 src/ASF/sam/utils/cmsis/sam3x/source/templates/gcc/startup_sam3x.o
 .debug_abbrev  0x00002df1       0xf5 src/ASF/sam/utils/cmsis/sam3x/source/templates/system_sam3x.o
 .debug_abbrev  0x00002ee6      0x11d src/ASF/sam/utils/syscalls/gcc/syscalls.o

.debug_loc      0x00000000     0x74d6
 .debug_loc     0x00000000       0x2c src/Platform/Driver/CLOCK/D_CLOCK.o
 .debug_loc     0x0000002c      0x4da src/Platform/Driver/DD_CAN/D_CAN.o
 .debug_loc     0x00000506      0x28c src/Platform/Driver/D_SYS/D_SYS.o
 .debug_loc     0x00000792      0x140 src/Platform/Driver/GPIO/D_GPIO.o
 .debug_loc     0x000008d2      0x164 src/Platform/Driver/HANDLER/D_HANDLER.o
 .debug_loc     0x00000a36      0x19c src/Platform/Driver/INT/D_INT.o
 .debug_loc     0x00000bd2       0xfc src/Platform/Driver/PWM/D_PWM.o
 .debug_loc     0x00000cce      0x1bc src/Platform/Driver/TIMER/D_TIMER.o
 .debug_loc     0x00000e8a      0x14c src/Platform/Service/CNTRL/S_CNTRL.o
 .debug_loc     0x00000fd6       0xa0 src/Platform/Service/STATUS/S_STUS.o
 .debug_loc     0x00001076       0x2c src/Platform/Service/SYS/S_SYS.o
 .debug_loc     0x000010a2       0xa0 src/Platform/Service/TIMER/S_TIMER.o
 .debug_loc     0x00001142       0x50 src/ASF/common/utils/stdio/read.o
 .debug_loc     0x00001192       0x50 src/ASF/common/utils/stdio/write.o
 .debug_loc     0x000011e2      0x844 src/ASF/sam/drivers/tc/tc.o
 .debug_loc     0x00001a26      0x8a0 src/ASF/sam/drivers/uart/uart.o
 .debug_loc     0x000022c6     0x1e9c src/ASF/sam/drivers/usart/usart.o
 .debug_loc     0x00004162      0x58c src/CPU3.o
 .debug_loc     0x000046ee      0x4a0 src/ASF/common/services/clock/sam3x/sysclk.o
 .debug_loc     0x00004b8e       0xa8 src/ASF/sam/boards/arduino_due_x/init.o
 .debug_loc     0x00004c36      0xd6c src/ASF/sam/drivers/pio/pio.o
 .debug_loc     0x000059a2      0x360 src/ASF/sam/drivers/pio/pio_handler.o
 .debug_loc     0x00005d02     0x138c src/ASF/sam/drivers/pmc/pmc.o
 .debug_loc     0x0000708e       0x2c src/ASF/sam/utils/cmsis/sam3x/source/templates/exceptions.o
 .debug_loc     0x000070ba       0x38 src/ASF/sam/utils/cmsis/sam3x/source/templates/gcc/startup_sam3x.o
 .debug_loc     0x000070f2       0xe4 src/ASF/sam/utils/cmsis/sam3x/source/templates/system_sam3x.o
 .debug_loc     0x000071d6      0x300 src/ASF/sam/utils/syscalls/gcc/syscalls.o

.debug_aranges  0x00000000      0xda8
 .debug_aranges
                0x00000000       0x20 src/Platform/Driver/CLOCK/D_CLOCK.o
 .debug_aranges
                0x00000020       0x88 src/Platform/Driver/DD_CAN/D_CAN.o
 .debug_aranges
                0x000000a8       0x58 src/Platform/Driver/D_SYS/D_SYS.o
 .debug_aranges
                0x00000100       0x38 src/Platform/Driver/GPIO/D_GPIO.o
 .debug_aranges
                0x00000138       0x50 src/Platform/Driver/HANDLER/D_HANDLER.o
 .debug_aranges
                0x00000188       0x40 src/Platform/Driver/INT/D_INT.o
 .debug_aranges
                0x000001c8       0x30 src/Platform/Driver/PWM/D_PWM.o
 .debug_aranges
                0x000001f8       0x48 src/Platform/Driver/TIMER/D_TIMER.o
 .debug_aranges
                0x00000240       0x38 src/Platform/Service/CNTRL/S_CNTRL.o
 .debug_aranges
                0x00000278       0x28 src/Platform/Service/STATUS/S_STUS.o
 .debug_aranges
                0x000002a0       0x20 src/Platform/Service/SYS/S_SYS.o
 .debug_aranges
                0x000002c0       0x28 src/Platform/Service/TIMER/S_TIMER.o
 .debug_aranges
                0x000002e8       0x20 src/ASF/common/utils/stdio/read.o
 .debug_aranges
                0x00000308       0x20 src/ASF/common/utils/stdio/write.o
 .debug_aranges
                0x00000328       0xd0 src/ASF/sam/drivers/tc/tc.o
 .debug_aranges
                0x000003f8       0xd8 src/ASF/sam/drivers/uart/uart.o
 .debug_aranges
                0x000004d0      0x2d0 src/ASF/sam/drivers/usart/usart.o
 .debug_aranges
                0x000007a0       0xb8 src/CPU3.o
 .debug_aranges
                0x00000858       0x98 src/ASF/common/services/clock/sam3x/sysclk.o
 .debug_aranges
                0x000008f0       0x30 src/ASF/sam/boards/arduino_due_x/init.o
 .debug_aranges
                0x00000920      0x148 src/ASF/sam/drivers/pio/pio.o
 .debug_aranges
                0x00000a68       0x78 src/ASF/sam/drivers/pio/pio_handler.o
 .debug_aranges
                0x00000ae0      0x1f8 src/ASF/sam/drivers/pmc/pmc.o
 .debug_aranges
                0x00000cd8       0x20 src/ASF/sam/utils/cmsis/sam3x/source/templates/exceptions.o
 .debug_aranges
                0x00000cf8       0x20 src/ASF/sam/utils/cmsis/sam3x/source/templates/gcc/startup_sam3x.o
 .debug_aranges
                0x00000d18       0x30 src/ASF/sam/utils/cmsis/sam3x/source/templates/system_sam3x.o
 .debug_aranges
                0x00000d48       0x60 src/ASF/sam/utils/syscalls/gcc/syscalls.o

.debug_ranges   0x00000000      0xbf8
 .debug_ranges  0x00000000       0x10 src/Platform/Driver/CLOCK/D_CLOCK.o
 .debug_ranges  0x00000010       0x78 src/Platform/Driver/DD_CAN/D_CAN.o
 .debug_ranges  0x00000088       0x48 src/Platform/Driver/D_SYS/D_SYS.o
 .debug_ranges  0x000000d0       0x28 src/Platform/Driver/GPIO/D_GPIO.o
 .debug_ranges  0x000000f8       0x40 src/Platform/Driver/HANDLER/D_HANDLER.o
 .debug_ranges  0x00000138       0x30 src/Platform/Driver/INT/D_INT.o
 .debug_ranges  0x00000168       0x20 src/Platform/Driver/PWM/D_PWM.o
 .debug_ranges  0x00000188       0x38 src/Platform/Driver/TIMER/D_TIMER.o
 .debug_ranges  0x000001c0       0x28 src/Platform/Service/CNTRL/S_CNTRL.o
 .debug_ranges  0x000001e8       0x18 src/Platform/Service/STATUS/S_STUS.o
 .debug_ranges  0x00000200       0x10 src/Platform/Service/SYS/S_SYS.o
 .debug_ranges  0x00000210       0x18 src/Platform/Service/TIMER/S_TIMER.o
 .debug_ranges  0x00000228       0x10 src/ASF/common/utils/stdio/read.o
 .debug_ranges  0x00000238       0x10 src/ASF/common/utils/stdio/write.o
 .debug_ranges  0x00000248       0xc0 src/ASF/sam/drivers/tc/tc.o
 .debug_ranges  0x00000308       0xc8 src/ASF/sam/drivers/uart/uart.o
 .debug_ranges  0x000003d0      0x2c0 src/ASF/sam/drivers/usart/usart.o
 .debug_ranges  0x00000690       0xa8 src/CPU3.o
 .debug_ranges  0x00000738       0x88 src/ASF/common/services/clock/sam3x/sysclk.o
 .debug_ranges  0x000007c0       0x20 src/ASF/sam/boards/arduino_due_x/init.o
 .debug_ranges  0x000007e0      0x138 src/ASF/sam/drivers/pio/pio.o
 .debug_ranges  0x00000918       0x68 src/ASF/sam/drivers/pio/pio_handler.o
 .debug_ranges  0x00000980      0x1e8 src/ASF/sam/drivers/pmc/pmc.o
 .debug_ranges  0x00000b68       0x10 src/ASF/sam/utils/cmsis/sam3x/source/templates/exceptions.o
 .debug_ranges  0x00000b78       0x10 src/ASF/sam/utils/cmsis/sam3x/source/templates/gcc/startup_sam3x.o
 .debug_ranges  0x00000b88       0x20 src/ASF/sam/utils/cmsis/sam3x/source/templates/system_sam3x.o
 .debug_ranges  0x00000ba8       0x50 src/ASF/sam/utils/syscalls/gcc/syscalls.o

.debug_macro    0x00000000     0x9b21
 .debug_macro   0x00000000      0x630 src/Platform/Driver/CLOCK/D_CLOCK.o
 .debug_macro   0x00000630      0x683 src/Platform/Driver/DD_CAN/D_CAN.o
 .debug_macro   0x00000cb3       0x94 src/Platform/Driver/DD_CAN/D_CAN.o
 .debug_macro   0x00000d47      0x6ab src/Platform/Driver/D_SYS/D_SYS.o
 .debug_macro   0x000013f2       0x4c src/Platform/Driver/D_SYS/D_SYS.o
 .debug_macro   0x0000143e       0x9a src/Platform/Driver/D_SYS/D_SYS.o
 .debug_macro   0x000014d8      0x635 src/Platform/Driver/GPIO/D_GPIO.o
 .debug_macro   0x00001b0d       0x46 src/Platform/Driver/GPIO/D_GPIO.o
 .debug_macro   0x00001b53      0x651 src/Platform/Driver/HANDLER/D_HANDLER.o
 .debug_macro   0x000021a4      0x636 src/Platform/Driver/INT/D_INT.o
 .debug_macro   0x000027da      0x630 src/Platform/Driver/PWM/D_PWM.o
 .debug_macro   0x00002e0a      0x630 src/Platform/Driver/TIMER/D_TIMER.o
 .debug_macro   0x0000343a      0x6b7 src/Platform/Service/CNTRL/S_CNTRL.o
 .debug_macro   0x00003af1      0x6bd src/Platform/Service/STATUS/S_STUS.o
 .debug_macro   0x000041ae      0x6c2 src/Platform/Service/SYS/S_SYS.o
 .debug_macro   0x00004870      0x6b7 src/Platform/Service/TIMER/S_TIMER.o
 .debug_macro   0x00004f27      0x4d8 src/ASF/common/utils/stdio/read.o
 .debug_macro   0x000053ff      0x4d8 src/ASF/common/utils/stdio/write.o
 .debug_macro   0x000058d7      0x4f3 src/ASF/sam/drivers/tc/tc.o
 .debug_macro   0x00005dca       0x16 src/ASF/sam/drivers/tc/tc.o
 .debug_macro   0x00005de0       0x4a src/ASF/sam/drivers/tc/tc.o
 .debug_macro   0x00005e2a       0x1c src/ASF/sam/drivers/tc/tc.o
 .debug_macro   0x00005e46      0x4f4 src/ASF/sam/drivers/uart/uart.o
 .debug_macro   0x0000633a      0x523 src/ASF/sam/drivers/usart/usart.o
 .debug_macro   0x0000685d       0x28 src/ASF/sam/drivers/usart/usart.o
 .debug_macro   0x00006885      0x6f0 src/CPU3.o
 .debug_macro   0x00006f75       0x16 src/CPU3.o
 .debug_macro   0x00006f8b      0x558 src/ASF/common/services/clock/sam3x/sysclk.o
 .debug_macro   0x000074e3      0x1dd src/ASF/common/services/clock/sam3x/sysclk.o
 .debug_macro   0x000076c0      0x597 src/ASF/sam/boards/arduino_due_x/init.o
 .debug_macro   0x00007c57      0x4f4 src/ASF/sam/drivers/pio/pio.o
 .debug_macro   0x0000814b       0x8e src/ASF/sam/drivers/pio/pio.o
 .debug_macro   0x000081d9      0x501 src/ASF/sam/drivers/pio/pio_handler.o
 .debug_macro   0x000086da      0x4ed src/ASF/sam/drivers/pmc/pmc.o
 .debug_macro   0x00008bc7       0x52 src/ASF/sam/drivers/pmc/pmc.o
 .debug_macro   0x00008c19      0x34c src/ASF/sam/utils/cmsis/sam3x/source/templates/exceptions.o
 .debug_macro   0x00008f65      0x35a src/ASF/sam/utils/cmsis/sam3x/source/templates/gcc/startup_sam3x.o
 .debug_macro   0x000092bf      0x35e src/ASF/sam/utils/cmsis/sam3x/source/templates/system_sam3x.o
 .debug_macro   0x0000961d       0x26 src/ASF/sam/utils/cmsis/sam3x/source/templates/system_sam3x.o
 .debug_macro   0x00009643      0x169 src/ASF/sam/utils/syscalls/gcc/syscalls.o
 .debug_macro   0x000097ac       0x97 src/ASF/sam/utils/syscalls/gcc/syscalls.o
 .debug_macro   0x00009843       0xef src/ASF/sam/utils/syscalls/gcc/syscalls.o
 .debug_macro   0x00009932       0x52 src/ASF/sam/utils/syscalls/gcc/syscalls.o
 .debug_macro   0x00009984       0x16 src/ASF/sam/utils/syscalls/gcc/syscalls.o
 .debug_macro   0x0000999a       0x10 src/ASF/sam/utils/syscalls/gcc/syscalls.o
 .debug_macro   0x000099aa       0x10 src/ASF/sam/utils/syscalls/gcc/syscalls.o
 .debug_macro   0x000099ba       0x10 src/ASF/sam/utils/syscalls/gcc/syscalls.o
 .debug_macro   0x000099ca       0x35 src/ASF/sam/utils/syscalls/gcc/syscalls.o
 .debug_macro   0x000099ff      0x122 src/ASF/sam/utils/syscalls/gcc/syscalls.o

.debug_line     0x00000000    0x17755
 .debug_line    0x00000000      0xeaa src/Platform/Driver/CLOCK/D_CLOCK.o
 .debug_line    0x00000eaa     0x10bb src/Platform/Driver/DD_CAN/D_CAN.o
 .debug_line    0x00001f65     0x115b src/Platform/Driver/D_SYS/D_SYS.o
 .debug_line    0x000030c0      0xf1c src/Platform/Driver/GPIO/D_GPIO.o
 .debug_line    0x00003fdc      0xfd0 src/Platform/Driver/HANDLER/D_HANDLER.o
 .debug_line    0x00004fac      0xf0a src/Platform/Driver/INT/D_INT.o
 .debug_line    0x00005eb6      0xecd src/Platform/Driver/PWM/D_PWM.o
 .debug_line    0x00006d83      0xf2d src/Platform/Driver/TIMER/D_TIMER.o
 .debug_line    0x00007cb0     0x10c3 src/Platform/Service/CNTRL/S_CNTRL.o
 .debug_line    0x00008d73     0x10b9 src/Platform/Service/STATUS/S_STUS.o
 .debug_line    0x00009e2c     0x10b8 src/Platform/Service/SYS/S_SYS.o
 .debug_line    0x0000aee4     0x10a0 src/Platform/Service/TIMER/S_TIMER.o
 .debug_line    0x0000bf84      0xac7 src/ASF/common/utils/stdio/read.o
 .debug_line    0x0000ca4b      0xac4 src/ASF/common/utils/stdio/write.o
 .debug_line    0x0000d50f      0xc6b src/ASF/sam/drivers/tc/tc.o
 .debug_line    0x0000e17a      0xc68 src/ASF/sam/drivers/uart/uart.o
 .debug_line    0x0000ede2     0x11ff src/ASF/sam/drivers/usart/usart.o
 .debug_line    0x0000ffe1     0x147a src/CPU3.o
 .debug_line    0x0001145b      0xd44 src/ASF/common/services/clock/sam3x/sysclk.o
 .debug_line    0x0001219f      0xcf4 src/ASF/sam/boards/arduino_due_x/init.o
 .debug_line    0x00012e93      0xdd7 src/ASF/sam/drivers/pio/pio.o
 .debug_line    0x00013c6a      0xbd2 src/ASF/sam/drivers/pio/pio_handler.o
 .debug_line    0x0001483c     0x1075 src/ASF/sam/drivers/pmc/pmc.o
 .debug_line    0x000158b1      0x8b4 src/ASF/sam/utils/cmsis/sam3x/source/templates/exceptions.o
 .debug_line    0x00016165      0x907 src/ASF/sam/utils/cmsis/sam3x/source/templates/gcc/startup_sam3x.o
 .debug_line    0x00016a6c      0x94a src/ASF/sam/utils/cmsis/sam3x/source/templates/system_sam3x.o
 .debug_line    0x000173b6      0x39f src/ASF/sam/utils/syscalls/gcc/syscalls.o

.debug_str      0x00000000    0x61e40
 .debug_str     0x00000000    0x5cf41 src/Platform/Driver/CLOCK/D_CLOCK.o
                              0x5d2d2 (size before relaxing)
 .debug_str     0x0005cf41      0xf8c src/Platform/Driver/DD_CAN/D_CAN.o
                              0x5e1c0 (size before relaxing)
 .debug_str     0x0005decd      0x707 src/Platform/Driver/D_SYS/D_SYS.o
                              0x5dd73 (size before relaxing)
 .debug_str     0x0005e5d4       0x6d src/Platform/Driver/GPIO/D_GPIO.o
                              0x5d5f2 (size before relaxing)
 .debug_str     0x0005e641      0x1a5 src/Platform/Driver/HANDLER/D_HANDLER.o
                              0x5d86b (size before relaxing)
 .debug_str     0x0005e7e6      0x175 src/Platform/Driver/INT/D_INT.o
                              0x5d5a8 (size before relaxing)
 .debug_str     0x0005e95b       0xaa src/Platform/Driver/PWM/D_PWM.o
                              0x5d44a (size before relaxing)
 .debug_str     0x0005ea05       0x7a src/Platform/Driver/TIMER/D_TIMER.o
                              0x5d4e2 (size before relaxing)
 .debug_str     0x0005ea7f       0xb9 src/Platform/Service/CNTRL/S_CNTRL.o
                              0x5d6ad (size before relaxing)
 .debug_str     0x0005eb38      0x392 src/Platform/Service/STATUS/S_STUS.o
                              0x5da53 (size before relaxing)
 .debug_str     0x0005eeca       0x4d src/Platform/Service/SYS/S_SYS.o
                              0x5d5c5 (size before relaxing)
 .debug_str     0x0005ef17       0x4d src/Platform/Service/TIMER/S_TIMER.o
                              0x5d5f6 (size before relaxing)
 .debug_str     0x0005ef64       0x2c src/ASF/common/utils/stdio/read.o
                              0x5891b (size before relaxing)
 .debug_str     0x0005ef90       0x26 src/ASF/common/utils/stdio/write.o
                              0x5891d (size before relaxing)
 .debug_str     0x0005efb6      0x322 src/ASF/sam/drivers/tc/tc.o
                              0x58cc3 (size before relaxing)